================================================================================
FAST NAVIGATOR - Вариант A
================================================================================
Маршрут: 12 узлов
Лимит: 999.0 секунд
================================================================================


================================================================================
УЗЕЛ [0]: START
Цель: (0.00, 0.00, 0.0°)
Режим: ODOMETRY
Время: 0.0с / 999.0с
================================================================================
[MAIN] Стартовый узел, пропускаем

================================================================================
УЗЕЛ [1]: Выезд из кармана
Цель: (-1.95, 0.00, 0.0°)
Режим: ODOMETRY
Время: 0.0с / 999.0с
================================================================================
[MAIN] Выезд задним ходом (1.95м как в ручном проходе)
[REVERSE] Шаг 1/4 назад 0.5м
[MOVE_BACK] Назад 0.50м от (0.00,0.00)
[FLUSH] Сброшено 2 старых пакетов
[MOVE_BACK] Фактически проехали 0.12м
  [TEL] pos=(-0.12,-0.00) th=0.0°  F=3.75 L=0.92 R=0.92
[REVERSE] Шаг 2/4 назад 0.5м
[FLUSH] Сброшено 1 старых пакетов
[MOVE_BACK] Назад 0.50м от (-0.13,-0.00)
[FLUSH] Сброшено 2 старых пакетов
[MOVE_BACK] Фактически проехали 0.25м
  [TEL] pos=(-0.37,-0.00) th=0.0°  F=4.00 L=1.25 R=1.20
[REVERSE] Шаг 3/4 назад 0.5м
[MOVE_BACK] Назад 0.50м от (-0.37,-0.00)
[FLUSH] Сброшено 2 старых пакетов
[MOVE_BACK] Фактически проехали 0.26м
  [TEL] pos=(-0.63,-0.00) th=0.0°  F=4.26 L=1.48 R=4.61
[REVERSE] Шаг 4/4 назад 0.45м
[MOVE_BACK] Назад 0.45м от (-0.63,-0.00)
[FLUSH] Сброшено 2 старых пакетов
[MOVE_BACK] Фактически проехали 0.23м
  [TEL] pos=(-0.86,-0.00) th=0.0°  F=4.49 L=1.49 R=4.87
[FLUSH] Сброшено 1 старых пакетов
[MAIN] Узел [1] завершён
[MAIN] Цель:   (-1.95, 0.00) th=0.0°
[MAIN] Факт:   (-0.87, -0.00) th=0.0°
[MAIN] Ошибка: dist=1.08м, th=0.0°

================================================================================
УЗЕЛ [2]: Поворот на восток
Цель: (-1.94, 0.00, 85.3°)
Режим: ODOMETRY
Время: 10.1с / 999.0с
================================================================================
[ODOM_NAV] Цель: (-1.94,0.00) th=85.3°
[ODOM_NAV] шаг 0: pos=(-0.87,-0.00) th=0.0° → цель dist=1.07м
  [TEL] pos=(-0.87,-0.00) th=0.0°  F=4.50 L=1.49 R=4.88
[FLUSH] Сброшено 1 старых пакетов
[TURN] влево 22.5° от 0.0°
[FLUSH] Сброшено 1 старых пакетов
[TURN] Фактически повернули 4.0°, теперь th=4.0°
[ODOM_NAV] шаг 1: pos=(-0.95,-0.00) th=4.2° → цель dist=0.99м
  [TEL] pos=(-0.95,-0.00) th=4.2°  F=1.78 L=1.94 R=1.60
[FLUSH] Сброшено 1 старых пакетов
[TURN] влево 22.5° от 4.5°
[FLUSH] Сброшено 1 старых пакетов
[TURN] Фактически повернули 8.4°, теперь th=12.9°
[ODOM_NAV] шаг 2: pos=(-0.97,-0.00) th=13.2° → цель dist=0.97м
  [TEL] pos=(-0.97,-0.00) th=13.2°  F=1.80 L=1.73 R=1.17
[FLUSH] Сброшено 1 старых пакетов
[TURN] влево 22.5° от 13.9°
[FLUSH] Сброшено 1 старых пакетов
[TURN] Фактически повернули 10.8°, теперь th=24.7°
[FLUSH] Сброшено 1 старых пакетов
[ODOM_NAV] шаг 3: pos=(-0.98,-0.00) th=25.3° → цель dist=0.96м
  [TEL] pos=(-0.98,-0.00) th=25.3°  F=1.61 L=1.79 R=1.21
[TURN] влево 22.5° от 25.7°
[FLUSH] Сброшено 1 старых пакетов
[TURN] Фактически повернули 11.8°, теперь th=37.5°
[FLUSH] Сброшено 1 старых пакетов
[ODOM_NAV] шаг 4: pos=(-0.97,-0.00) th=38.2° → цель dist=0.97м
  [TEL] pos=(-0.97,-0.00) th=38.2°  F=1.14 L=4.85 R=0.80
[FLUSH] Сброшено 1 старых пакетов
[TURN] влево 22.5° от 38.8°
[FLUSH] Сброшено 1 старых пакетов
[TURN] Фактически повернули 11.0°, теперь th=49.8°
[ODOM_NAV] шаг 5: pos=(-0.97,-0.00) th=50.1° → цель dist=0.97м
  [TEL] pos=(-0.97,-0.00) th=50.1°  F=1.17 L=1.63 R=0.80
[FLUSH] Сброшено 1 старых пакетов
[TURN] влево 22.5° от 50.7°
[FLUSH] Сброшено 1 старых пакетов
[TURN] Фактически повернули 11.0°, теперь th=61.7°
[FLUSH] Сброшено 1 старых пакетов
[ODOM_NAV] шаг 6: pos=(-0.97,-0.00) th=62.3° → цель dist=0.97м
  [TEL] pos=(-0.97,-0.00) th=62.3°  F=0.82 L=1.18 R=5.97
[TURN] влево 22.5° от 62.6°
[FLUSH] Сброшено 1 старых пакетов
[TURN] Фактически повернули 11.0°, теперь th=73.6°
[FLUSH] Сброшено 1 старых пакетов
[ODOM_NAV] шаг 7: pos=(-0.97,-0.00) th=74.2° → цель dist=0.97м
  [TEL] pos=(-0.97,-0.00) th=74.2°  F=0.80 L=1.16 R=0.72
[TURN] влево 22.5° от 74.5°
[FLUSH] Сброшено 1 старых пакетов
[TURN] Фактически повернули 11.2°, теперь th=85.7°
[ODOM_NAV] шаг 8: pos=(-0.97,-0.00) th=86.0° → цель dist=0.97м
  [TEL] pos=(-0.97,-0.00) th=86.0°  F=0.82 L=0.80 R=0.74
[FLUSH] Сброшено 1 старых пакетов
[TURN] влево 22.5° от 86.6°
[FLUSH] Сброшено 1 старых пакетов
[TURN] Фактически повернули 11.0°, теперь th=97.6°
[ODOM_NAV] шаг 9: pos=(-0.97,-0.00) th=97.9° → цель dist=0.97м
  [TEL] pos=(-0.97,-0.00) th=97.9°  F=0.72 L=0.86 R=6.19
[FLUSH] Сброшено 1 старых пакетов
[TURN] влево 22.5° от 98.6°
[FLUSH] Сброшено 1 старых пакетов
[TURN] Фактически повернули 11.0°, теперь th=109.5°
[ODOM_NAV] шаг 10: pos=(-0.97,-0.00) th=109.8° → цель dist=0.97м
  [TEL] pos=(-0.97,-0.00) th=109.8°  F=0.83 L=0.74 R=7.09
[FLUSH] Сброшено 1 старых пакетов
[TURN] влево 22.5° от 110.5°
[FLUSH] Сброшено 1 старых пакетов
[TURN] Фактически повернули 10.8°, теперь th=121.3°
[FLUSH] Сброшено 1 старых пакетов
[ODOM_NAV] шаг 11: pos=(-0.97,-0.00) th=121.9° → цель dist=0.97м
  [TEL] pos=(-0.97,-0.00) th=121.9°  F=5.82 L=0.72 R=6.04
[TURN] влево 22.5° от 122.3°
[FLUSH] Сброшено 1 старых пакетов
[TURN] Фактически повернули 10.9°, теперь th=133.2°
[FLUSH] Сброшено 1 старых пакетов
[ODOM_NAV] шаг 12: pos=(-0.97,-0.00) th=133.9° → цель dist=0.97м
  [TEL] pos=(-0.97,-0.00) th=133.9°  F=7.29 L=0.80 R=5.52
[TURN] влево 22.5° от 134.2°
[FLUSH] Сброшено 1 старых пакетов
[TURN] Фактически повернули 11.3°, теперь th=145.4°
[ODOM_NAV] шаг 13: pos=(-0.97,-0.00) th=145.8° → цель dist=0.97м
  [TEL] pos=(-0.97,-0.00) th=145.8°  F=6.32 L=6.13 R=5.21
[FLUSH] Сброшено 1 старых пакетов
[TURN] влево 22.5° от 146.4°
[FLUSH] Сброшено 1 старых пакетов
[TURN] Фактически повернули 11.0°, теперь th=157.3°
[ODOM_NAV] шаг 14: pos=(-0.97,-0.00) th=157.7° → цель dist=0.97м
  [TEL] pos=(-0.97,-0.00) th=157.7°  F=5.63 L=7.67 R=5.06
[FLUSH] Сброшено 1 старых пакетов
[TURN] влево 11.2° от 158.3°
[FLUSH] Сброшено 1 старых пакетов
[TURN] Фактически повернули 6.3°, теперь th=164.6°
[FLUSH] Сброшено 1 старых пакетов
[ODOM_NAV] шаг 15: pos=(-0.97,-0.00) th=165.3° → цель dist=0.97м
  [TEL] pos=(-0.97,-0.00) th=165.3°  F=5.33 L=6.70 R=5.06
[TURN] влево 5.6° от 165.6°
[FLUSH] Сброшено 1 старых пакетов
[TURN] Фактически повернули 4.2°, теперь th=169.7°
[ODOM_NAV] шаг 16: pos=(-0.97,-0.00) th=170.0° → цель dist=0.97м
  [TEL] pos=(-0.97,-0.00) th=170.0°  F=5.19 L=6.24 R=3.65
[ODOM_NAV] Медленное движение (dist=0.97м > 0.15м)
[FLUSH] Сброшено 1 старых пакетов
[MOVE_PRECISE] Вперёд 0.20м от (-0.97,-0.00)
[FLUSH] Сброшено 2 старых пакетов
[MOVE_PRECISE] Фактически проехали 0.23м
[ODOM_NAV] шаг 17: pos=(-1.20,0.02) th=173.0° → цель dist=0.74м
  [TEL] pos=(-1.20,0.02) th=173.0°  F=4.90 L=5.72 R=2.83
[ODOM_NAV] Медленное движение (dist=0.74м > 0.15м)
[FLUSH] Сброшено 1 старых пакетов
[MOVE_PRECISE] Вперёд 0.20м от (-1.20,0.02)
[FLUSH] Сброшено 2 старых пакетов
[MOVE_PRECISE] Фактически проехали 0.24м
[ODOM_NAV] шаг 18: pos=(-1.44,0.05) th=173.0° → цель dist=0.50м
  [TEL] pos=(-1.44,0.05) th=173.0°  F=4.66 L=5.44 R=3.03
[FLUSH] Сброшено 1 старых пакетов
[TURN] влево 5.6° от 173.0°
[FLUSH] Сброшено 1 старых пакетов
[TURN] Фактически повернули 0.5°, теперь th=173.5°
[ODOM_NAV] шаг 19: pos=(-1.46,0.06) th=173.5° → цель dist=0.49м
  [TEL] pos=(-1.46,0.06) th=173.5°  F=4.64 L=5.39 R=2.91
[FLUSH] Сброшено 1 старых пакетов
[TURN] влево 5.6° от 173.5°
[FLUSH] Сброшено 1 старых пакетов
[TURN] Фактически повернули 0.6°, теперь th=174.0°
[FLUSH] Сброшено 1 старых пакетов
[ODOM_NAV] шаг 20: pos=(-1.46,0.06) th=174.1° → цель dist=0.49м
  [TEL] pos=(-1.46,0.06) th=174.1°  F=4.62 L=5.34 R=2.76
[FLUSH] Сброшено 1 старых пакетов
[TURN] влево 5.6° от 174.1°
[FLUSH] Сброшено 1 старых пакетов
[TURN] Фактически повернули 0.6°, теперь th=174.7°
[FLUSH] Сброшено 1 старых пакетов
[ODOM_NAV] шаг 21: pos=(-1.46,0.06) th=174.7° → цель dist=0.49м
  [TEL] pos=(-1.46,0.06) th=174.7°  F=4.61 L=5.30 R=2.62
[TURN] влево 5.6° от 174.7°
[FLUSH] Сброшено 1 старых пакетов
[TURN] Фактически повернули 0.5°, теперь th=175.2°
[FLUSH] Сброшено 1 старых пакетов
[ODOM_NAV] шаг 22: pos=(-1.46,0.06) th=175.2° → цель dist=0.49м
  [TEL] pos=(-1.46,0.06) th=175.2°  F=4.61 L=5.27 R=2.52
[ODOM_NAV] Медленное движение (dist=0.49м > 0.15м)
[MOVE_PRECISE] Вперёд 0.20м от (-1.46,0.06)
[FLUSH] Сброшено 2 старых пакетов
[MOVE_PRECISE] Фактически проехали 0.23м
[ODOM_NAV] шаг 23: pos=(-1.68,0.07) th=175.2° → цель dist=0.27м
  [TEL] pos=(-1.68,0.07) th=175.2°  F=4.38 L=5.01 R=2.63
[FLUSH] Сброшено 1 старых пакетов
[TURN] влево 11.2° от 175.2°
[FLUSH] Сброшено 1 старых пакетов
[TURN] Фактически повернули 1.3°, теперь th=176.5°
[FLUSH] Сброшено 1 старых пакетов
[ODOM_NAV] шаг 24: pos=(-1.70,0.08) th=176.7° → цель dist=0.26м
  [TEL] pos=(-1.70,0.08) th=176.7°  F=4.36 L=4.91 R=2.37
[TURN] влево 11.2° от 176.7°
[FLUSH] Сброшено 1 старых пакетов
[TURN] Фактически повернули 1.9°, теперь th=178.6°
[FLUSH] Сброшено 1 старых пакетов
[ODOM_NAV] шаг 25: pos=(-1.70,0.08) th=178.8° → цель dist=0.26м
  [TEL] pos=(-1.70,0.08) th=178.8°  F=4.34 L=4.80 R=2.05
[TURN] влево 11.2° от 178.9°
[FLUSH] Сброшено 1 старых пакетов
[TURN] Фактически повернули 2.5°, теперь th=181.4°
[ODOM_NAV] шаг 26: pos=(-1.70,0.08) th=181.6° → цель dist=0.26м
  [TEL] pos=(-1.70,0.08) th=181.6°  F=4.34 L=4.67 R=1.75
[FLUSH] Сброшено 1 старых пакетов
[TURN] влево 5.6° от 181.8°
[FLUSH] Сброшено 1 старых пакетов
[TURN] Фактически повернули 2.2°, теперь th=184.0°
[FLUSH] Сброшено 1 старых пакетов
[ODOM_NAV] шаг 27: pos=(-1.69,0.08) th=184.2° → цель dist=0.26м
  [TEL] pos=(-1.69,0.08) th=184.2°  F=4.34 L=4.58 R=1.58
[TURN] влево 5.6° от 184.3°
[FLUSH] Сброшено 1 старых пакетов
[TURN] Фактически повернули 1.8°, теперь th=186.1°
[FLUSH] Сброшено 1 старых пакетов
[ODOM_NAV] шаг 28: pos=(-1.69,0.08) th=186.4° → цель dist=0.26м
  [TEL] pos=(-1.69,0.08) th=186.4°  F=4.36 L=4.52 R=1.45
[ODOM_NAV] Медленное движение (dist=0.26м > 0.15м)
[MOVE_PRECISE] Вперёд 0.20м от (-1.69,0.08)
[FLUSH] Сброшено 2 старых пакетов
[MOVE_PRECISE] Фактически проехали 0.23м
[FLUSH] Сброшено 1 старых пакетов
[ODOM_NAV] шаг 29: pos=(-1.92,0.05) th=186.9° → цель dist=0.05м
  [TEL] pos=(-1.92,0.05) th=186.9°  F=4.14 L=4.27 R=1.37
[ODOM_NAV] Достигнут узел! dist=0.05м
[ODOM_NAV] Финальный доворот -101.6°
[FLUSH] Сброшено 1 старых пакетов
[TURN] вправо 101.6° от 186.9°
[FLUSH] Сброшено 4 старых пакетов
[TURN] Фактически повернули -37.5°, теперь th=149.4°
[FLUSH] Сброшено 1 старых пакетов
[MAIN] Узел [2] завершён
[MAIN] Цель:   (-1.94, 0.00) th=85.3°
[MAIN] Факт:   (-1.94, 0.05) th=148.9°
[MAIN] Ошибка: dist=0.05м, th=63.6°

================================================================================
УЗЕЛ [3]: Мимо первой утки
Цель: (-1.83, 1.43, 85.3°)
Режим: ODOMETRY
Время: 58.0с / 999.0с
================================================================================
[ODOM_NAV] Цель: (-1.83,1.43) th=85.3°
[ODOM_NAV] шаг 0: pos=(-1.94,0.05) th=148.7° → цель dist=1.39м
  [TEL] pos=(-1.94,0.05) th=148.7°  F=5.15 L=8.00 R=4.24
[FLUSH] Сброшено 1 старых пакетов
[TURN] вправо 22.5° от 148.2°
[FLUSH] Сброшено 1 старых пакетов
[TURN] Фактически повернули -9.8°, теперь th=138.5°
[FLUSH] Сброшено 1 старых пакетов
[ODOM_NAV] шаг 1: pos=(-1.94,0.05) th=137.8° → цель dist=1.39м
  [TEL] pos=(-1.94,0.05) th=137.8°  F=5.86 L=5.62 R=4.45
[TURN] вправо 22.5° от 137.5°
[FLUSH] Сброшено 1 старых пакетов
[TURN] Фактически повернули -11.0°, теперь th=126.6°
[FLUSH] Сброшено 1 старых пакетов
[ODOM_NAV] шаг 2: pos=(-1.94,0.05) th=125.9° → цель dist=1.39м
  [TEL] pos=(-1.94,0.05) th=125.9°  F=7.17 L=5.18 R=4.87
[TURN] вправо 22.5° от 125.6°
[FLUSH] Сброшено 1 старых пакетов
[TURN] Фактически повернули -10.8°, теперь th=114.8°
[FLUSH] Сброшено 1 старых пакетов
[ODOM_NAV] шаг 3: pos=(-1.94,0.05) th=114.1° → цель dist=1.39м
  [TEL] pos=(-1.94,0.05) th=114.1°  F=5.65 L=5.47 R=5.65
[TURN] вправо 11.2° от 113.8°
[FLUSH] Сброшено 1 старых пакетов
[TURN] Фактически повернули -6.6°, теперь th=107.2°
[ODOM_NAV] шаг 4: pos=(-1.94,0.05) th=106.8° → цель dist=1.39м
  [TEL] pos=(-1.94,0.05) th=106.8°  F=5.58 L=5.87 R=6.53
[FLUSH] Сброшено 1 старых пакетов
[TURN] вправо 11.2° от 106.2°
[FLUSH] Сброшено 1 старых пакетов
[TURN] Фактически повернули -6.3°, теперь th=99.9°
[ODOM_NAV] шаг 5: pos=(-1.94,0.05) th=99.6° → цель dist=1.39м
  [TEL] pos=(-1.94,0.05) th=99.6°  F=5.76 L=6.01 R=8.00
[FLUSH] Сброшено 1 старых пакетов
[TURN] вправо 5.6° от 98.9°
[FLUSH] Сброшено 1 старых пакетов
[TURN] Фактически повернули -4.1°, теперь th=94.8°
[ODOM_NAV] шаг 6: pos=(-1.94,0.05) th=94.6° → цель dist=1.39м
  [TEL] pos=(-1.94,0.05) th=94.6°  F=5.69 L=6.35 R=5.65
[ODOM_NAV] Среднее движение (dist=1.39м > 1.0м)
[MOVE_FAST] Вперёд 0.50м (v=0.40, время≈1.4с)
[FLUSH] Сброшено 2 старых пакетов
[ODOM_NAV] шаг 7: pos=(-1.94,0.09) th=91.6° → цель dist=1.34м
  [TEL] pos=(-1.94,0.09) th=91.6°  F=5.74 L=6.41 R=5.15
[ODOM_NAV] Среднее движение (dist=1.34м > 1.0м)
[MOVE_FAST] Вперёд 0.50м (v=0.40, время≈1.4с)
[FLUSH] Сброшено 2 старых пакетов
[ODOM_NAV] шаг 8: pos=(-1.94,0.22) th=91.6° → цель dist=1.22м
  [TEL] pos=(-1.94,0.22) th=91.6°  F=5.62 L=6.21 R=5.03
[ODOM_NAV] Среднее движение (dist=1.22м > 1.0м)
[MOVE_FAST] Вперёд 0.50м (v=0.40, время≈1.4с)
[FLUSH] Сброшено 2 старых пакетов
[ODOM_NAV] шаг 9: pos=(-1.95,0.42) th=91.6° → цель dist=1.01м
  [TEL] pos=(-1.95,0.42) th=91.6°  F=5.42 L=5.96 R=5.24
[ODOM_NAV] Среднее движение (dist=1.01м > 1.0м)
[MOVE_FAST] Вперёд 0.50м (v=0.40, время≈1.4с)
[FLUSH] Сброшено 2 старых пакетов
[ODOM_NAV] шаг 10: pos=(-1.95,0.67) th=91.6° → цель dist=0.77м
  [TEL] pos=(-1.95,0.67) th=91.6°  F=5.16 L=5.69 R=5.00
[ODOM_NAV] Медленное движение (dist=0.77м > 0.15м)
[FLUSH] Сброшено 1 старых пакетов
[MOVE_PRECISE] Вперёд 0.20м от (-1.95,0.68)
[MOVE_PRECISE] Достигнуто 0.19м
[FLUSH] Сброшено 1 старых пакетов
[MOVE_PRECISE] Фактически проехали 0.26м
[FLUSH] Сброшено 1 старых пакетов
[ODOM_NAV] шаг 11: pos=(-1.96,0.95) th=91.6° → цель dist=0.50м
  [TEL] pos=(-1.96,0.95) th=91.6°  F=4.88 L=5.44 R=4.73
[TURN] вправо 5.6° от 91.6°
[FLUSH] Сброшено 1 старых пакетов
[TURN] Фактически повернули -0.6°, теперь th=91.0°
[FLUSH] Сброшено 1 старых пакетов
[ODOM_NAV] шаг 12: pos=(-1.96,0.98) th=90.9° → цель dist=0.47м
  [TEL] pos=(-1.96,0.98) th=90.9°  F=4.88 L=5.41 R=4.71
[TURN] вправо 5.6° от 90.9°
[FLUSH] Сброшено 1 старых пакетов
[TURN] Фактически повернули -0.5°, теперь th=90.4°
[ODOM_NAV] шаг 13: pos=(-1.96,0.99) th=90.4° → цель dist=0.46м
  [TEL] pos=(-1.96,0.99) th=90.4°  F=4.89 L=5.41 R=4.69
[FLUSH] Сброшено 1 старых пакетов
[TURN] вправо 5.6° от 90.4°
[FLUSH] Сброшено 1 старых пакетов
[TURN] Фактически повернули -0.5°, теперь th=90.0°
[ODOM_NAV] шаг 14: pos=(-1.96,0.99) th=90.0° → цель dist=0.46м
  [TEL] pos=(-1.96,0.99) th=90.0°  F=4.94 L=5.43 R=4.28
[FLUSH] Сброшено 1 старых пакетов
[TURN] вправо 5.6° от 90.0°
[FLUSH] Сброшено 1 старых пакетов
[TURN] Фактически повернули -0.5°, теперь th=89.5°
[ODOM_NAV] шаг 15: pos=(-1.96,0.99) th=89.5° → цель dist=0.46м
  [TEL] pos=(-1.96,0.99) th=89.5°  F=8.00 L=5.47 R=4.28
[FLUSH] Сброшено 1 старых пакетов
[TURN] вправо 5.6° от 89.5°
[FLUSH] Сброшено 1 старых пакетов
[TURN] Фактически повернули -0.6°, теперь th=88.9°
[FLUSH] Сброшено 1 старых пакетов
[ODOM_NAV] шаг 16: pos=(-1.96,0.99) th=88.9° → цель dist=0.46м
  [TEL] pos=(-1.96,0.99) th=88.9°  F=5.01 L=5.56 R=5.43
[TURN] вправо 5.6° от 88.8°
[FLUSH] Сброшено 1 старых пакетов
[TURN] Фактически повернули -0.6°, теперь th=88.3°
[FLUSH] Сброшено 1 старых пакетов
[ODOM_NAV] шаг 17: pos=(-1.96,0.99) th=88.2° → цель dist=0.46м
  [TEL] pos=(-1.96,0.99) th=88.2°  F=4.93 L=8.00 R=4.27
[TURN] вправо 5.6° от 88.2°
[FLUSH] Сброшено 1 старых пакетов
[TURN] Фактически повернули -0.5°, теперь th=87.7°
[ODOM_NAV] шаг 18: pos=(-1.96,0.99) th=87.7° → цель dist=0.46м
  [TEL] pos=(-1.96,0.99) th=87.7°  F=4.91 L=8.00 R=4.28
[FLUSH] Сброшено 1 старых пакетов
[TURN] вправо 5.6° от 87.7°
[FLUSH] Сброшено 1 старых пакетов
[TURN] Фактически повернули -0.6°, теперь th=87.1°
[ODOM_NAV] шаг 19: pos=(-1.96,0.99) th=87.1° → цель dist=0.46м
  [TEL] pos=(-1.96,0.99) th=87.1°  F=4.90 L=8.00 R=4.28
[FLUSH] Сброшено 1 старых пакетов
[TURN] вправо 5.6° от 87.1°
[FLUSH] Сброшено 1 старых пакетов
[TURN] Фактически повернули -0.6°, теперь th=86.5°
[FLUSH] Сброшено 1 старых пакетов
[ODOM_NAV] шаг 20: pos=(-1.96,0.99) th=86.5° → цель dist=0.46м
  [TEL] pos=(-1.96,0.99) th=86.5°  F=4.89 L=8.00 R=4.82
[TURN] вправо 5.6° от 86.5°
[FLUSH] Сброшено 1 старых пакетов
[TURN] Фактически повернули -0.5°, теперь th=86.0°
[FLUSH] Сброшено 1 старых пакетов
[ODOM_NAV] шаг 21: pos=(-1.96,0.99) th=86.0° → цель dist=0.46м
  [TEL] pos=(-1.96,0.99) th=86.0°  F=4.90 L=8.00 R=4.82
[TURN] вправо 5.6° от 86.0°
[FLUSH] Сброшено 1 старых пакетов
[TURN] Фактически повернули -0.5°, теперь th=85.5°
[ODOM_NAV] шаг 22: pos=(-1.96,0.99) th=85.5° → цель dist=0.46м
  [TEL] pos=(-1.96,0.99) th=85.5°  F=4.93 L=8.00 R=4.82
[FLUSH] Сброшено 1 старых пакетов
[TURN] вправо 5.6° от 85.5°
[FLUSH] Сброшено 1 старых пакетов
[TURN] Фактически повернули -0.5°, теперь th=85.0°
[ODOM_NAV] шаг 23: pos=(-1.96,0.99) th=85.0° → цель dist=0.46м
  [TEL] pos=(-1.96,0.99) th=85.0°  F=4.96 L=8.00 R=4.82
[FLUSH] Сброшено 1 старых пакетов
[TURN] вправо 5.6° от 85.0°
[FLUSH] Сброшено 1 старых пакетов
[TURN] Фактически повернули -0.6°, теперь th=84.4°
[FLUSH] Сброшено 1 старых пакетов
[ODOM_NAV] шаг 24: pos=(-1.96,0.99) th=84.4° → цель dist=0.46м
  [TEL] pos=(-1.96,0.99) th=84.4°  F=5.06 L=8.00 R=4.83
[ODOM_NAV] Медленное движение (dist=0.46м > 0.15м)
[FLUSH] Сброшено 1 старых пакетов
[MOVE_PRECISE] Вперёд 0.20м от (-1.96,0.99)
[FLUSH] Сброшено 2 старых пакетов
[MOVE_PRECISE] Фактически проехали 0.23м
[FLUSH] Сброшено 1 старых пакетов
[ODOM_NAV] шаг 25: pos=(-1.94,1.22) th=84.4° → цель dist=0.24м
  [TEL] pos=(-1.94,1.22) th=84.4°  F=4.84 L=8.00 R=4.63
[FLUSH] Сброшено 1 старых пакетов
[TURN] вправо 11.2° от 84.4°
[FLUSH] Сброшено 1 старых пакетов
[TURN] Фактически повернули -1.2°, теперь th=83.2°
[ODOM_NAV] шаг 26: pos=(-1.94,1.23) th=83.1° → цель dist=0.23м
  [TEL] pos=(-1.94,1.23) th=83.1°  F=4.83 L=8.00 R=4.07
[FLUSH] Сброшено 1 старых пакетов
[TURN] вправо 11.2° от 83.0°
[FLUSH] Сброшено 1 старых пакетов
[TURN] Фактически повернули -3.2°, теперь th=79.8°
[ODOM_NAV] шаг 27: pos=(-1.94,1.23) th=79.7° → цель dist=0.23м
  [TEL] pos=(-1.94,1.23) th=79.7°  F=4.77 L=8.00 R=4.64
[FLUSH] Сброшено 1 старых пакетов
[TURN] вправо 11.2° от 79.6°
[FLUSH] Сброшено 1 старых пакетов
[TURN] Фактически повернули -2.0°, теперь th=77.5°
[FLUSH] Сброшено 1 старых пакетов
[ODOM_NAV] шаг 28: pos=(-1.94,1.23) th=77.3° → цель dist=0.23м
  [TEL] pos=(-1.94,1.23) th=77.3°  F=4.92 L=8.00 R=4.67
[TURN] вправо 5.6° от 77.2°
[FLUSH] Сброшено 1 старых пакетов
[TURN] Фактически повернули -2.5°, теперь th=74.8°
[FLUSH] Сброшено 1 старых пакетов
[ODOM_NAV] шаг 29: pos=(-1.94,1.23) th=74.6° → цель dist=0.23м
  [TEL] pos=(-1.94,1.23) th=74.6°  F=4.96 L=8.00 R=4.29
[TURN] вправо 5.6° от 74.5°
[FLUSH] Сброшено 1 старых пакетов
[TURN] Фактически повернули -1.2°, теперь th=73.3°
[ODOM_NAV] шаг 30: pos=(-1.94,1.23) th=73.3° → цель dist=0.23м
  [TEL] pos=(-1.94,1.23) th=73.3°  F=4.94 L=7.97 R=4.17
[ODOM_NAV] Медленное движение (dist=0.23м > 0.15м)
[FLUSH] Сброшено 1 старых пакетов
[MOVE_PRECISE] Вперёд 0.20м от (-1.94,1.23)
[FLUSH] Сброшено 2 старых пакетов
[MOVE_PRECISE] Фактически проехали 0.23м
[ODOM_NAV] шаг 31: pos=(-1.87,1.44) th=73.1° → цель dist=0.04м
  [TEL] pos=(-1.87,1.44) th=73.1°  F=4.71 L=7.83 R=4.44
[ODOM_NAV] Достигнут узел! dist=0.04м
[ODOM_NAV] Финальный доворот 12.2°
[FLUSH] Сброшено 1 старых пакетов
[TURN] влево 12.2° от 73.1°
[FLUSH] Сброшено 1 старых пакетов
[TURN] Фактически повернули 1.9°, теперь th=75.0°
[FLUSH] Сброшено 1 старых пакетов
[MAIN] Узел [3] завершён
[MAIN] Цель:   (-1.83, 1.43) th=85.3°
[MAIN] Факт:   (-1.87, 1.46) th=75.2°
[MAIN] Ошибка: dist=0.05м, th=10.1°

================================================================================
УЗЕЛ [4]: Диагональ к воротам
Цель: (1.24, 5.72, 54.5°)
Режим: ODOMETRY
Время: 93.9с / 999.0с
================================================================================
[ODOM_NAV] Цель: (1.24,5.72) th=54.5°
[FLUSH] Сброшено 1 старых пакетов
[ODOM_NAV] шаг 0: pos=(-1.87,1.46) th=75.4° → цель dist=5.28м
  [TEL] pos=(-1.87,1.46) th=75.4°  F=4.76 L=8.00 R=3.94
[TURN] вправо 11.2° от 75.5°
[FLUSH] Сброшено 1 старых пакетов
[TURN] Фактически повернули -0.2°, теперь th=75.2°
[FLUSH] Сброшено 1 старых пакетов
[ODOM_NAV] шаг 1: pos=(-1.87,1.46) th=75.2° → цель dist=5.28м
  [TEL] pos=(-1.87,1.46) th=75.2°  F=4.74 L=8.00 R=3.94
[TURN] вправо 11.2° от 75.2°
[FLUSH] Сброшено 1 старых пакетов
[TURN] Фактически повернули -1.2°, теперь th=74.0°
[ODOM_NAV] шаг 2: pos=(-1.87,1.46) th=73.9° → цель dist=5.28м
  [TEL] pos=(-1.87,1.46) th=73.9°  F=4.70 L=7.93 R=3.96
[FLUSH] Сброшено 1 старых пакетов
[TURN] вправо 11.2° от 73.8°
[FLUSH] Сброшено 1 старых пакетов
[TURN] Фактически повернули -1.7°, теперь th=72.1°
[ODOM_NAV] шаг 3: pos=(-1.87,1.46) th=72.0° → цель dist=5.28м
  [TEL] pos=(-1.87,1.46) th=72.0°  F=4.73 L=7.65 R=4.39
[FLUSH] Сброшено 1 старых пакетов
[TURN] вправо 11.2° от 71.8°
[FLUSH] Сброшено 1 старых пакетов
[TURN] Фактически повернули -2.3°, теперь th=69.6°
[ODOM_NAV] шаг 4: pos=(-1.87,1.46) th=69.4° → цель dist=5.28м
  [TEL] pos=(-1.87,1.46) th=69.4°  F=5.00 L=7.33 R=4.41
[FLUSH] Сброшено 1 старых пакетов
[TURN] вправо 5.6° от 69.2°
[FLUSH] Сброшено 1 старых пакетов
[TURN] Фактически повернули -1.6°, теперь th=67.6°
[ODOM_NAV] шаг 5: pos=(-1.87,1.46) th=67.6° → цель dist=5.28м
  [TEL] pos=(-1.87,1.46) th=67.6°  F=4.93 L=7.13 R=7.86
[FLUSH] Сброшено 1 старых пакетов
[TURN] вправо 5.6° от 67.4°
[FLUSH] Сброшено 1 старых пакетов
[TURN] Фактически повернули -1.3°, теперь th=66.1°
[FLUSH] Сброшено 1 старых пакетов
[ODOM_NAV] шаг 6: pos=(-1.87,1.46) th=65.9° → цель dist=5.28м
  [TEL] pos=(-1.87,1.46) th=65.9°  F=4.96 L=6.96 R=4.46
[TURN] вправо 5.6° от 65.8°
[FLUSH] Сброшено 1 старых пакетов
[TURN] Фактически повернули -1.3°, теперь th=64.6°
[FLUSH] Сброшено 1 старых пакетов
[ODOM_NAV] шаг 7: pos=(-1.87,1.46) th=64.4° → цель dist=5.28м
  [TEL] pos=(-1.87,1.46) th=64.4°  F=5.09 L=6.84 R=4.42
[ODOM_NAV] БЫСТРОЕ движение (dist=5.28м > 2.0м)
[MOVE_FAST] Вперёд 1.00м (v=0.50, время≈2.2с)
[FLUSH] Сброшено 2 старых пакетов
[ODOM_NAV] шаг 8: pos=(-1.82,1.56) th=64.2° → цель dist=5.17м
  [TEL] pos=(-1.82,1.56) th=64.2°  F=5.04 L=6.74 R=4.31
[ODOM_NAV] БЫСТРОЕ движение (dist=5.17м > 2.0м)
[MOVE_FAST] Вперёд 1.00м (v=0.50, время≈2.2с)
[FLUSH] Сброшено 2 старых пакетов
[ODOM_NAV] шаг 9: pos=(-1.68,1.84) th=64.2° → цель dist=4.86м
  [TEL] pos=(-1.68,1.84) th=64.2°  F=4.72 L=6.54 R=4.06
[ODOM_NAV] БЫСТРОЕ движение (dist=4.86м > 2.0м)
[MOVE_FAST] Вперёд 1.00м (v=0.50, время≈2.2с)
[FLUSH] Сброшено 2 старых пакетов
[ODOM_NAV] шаг 10: pos=(-1.48,2.26) th=64.2° → цель dist=4.40м
  [TEL] pos=(-1.48,2.26) th=64.2°  F=4.26 L=6.25 R=3.92
[TURN] вправо 5.6° от 64.2°
[FLUSH] Сброшено 1 старых пакетов
[TURN] Фактически повернули -0.6°, теперь th=63.6°
[ODOM_NAV] шаг 11: pos=(-1.43,2.35) th=63.6° → цель dist=4.30м
  [TEL] pos=(-1.43,2.35) th=63.6°  F=7.79 L=6.14 R=3.64
[FLUSH] Сброшено 1 старых пакетов
[TURN] вправо 5.6° от 63.6°
[FLUSH] Сброшено 1 старых пакетов
[TURN] Фактически повернули -0.6°, теперь th=63.0°
[FLUSH] Сброшено 1 старых пакетов
[ODOM_NAV] шаг 12: pos=(-1.39,2.44) th=63.0° → цель dist=4.21м
  [TEL] pos=(-1.39,2.44) th=63.0°  F=7.75 L=6.03 R=3.51
[TURN] вправо 5.6° от 62.9°
[FLUSH] Сброшено 1 старых пакетов
[TURN] Фактически повернули -0.6°, теперь th=62.4°
[FLUSH] Сброшено 1 старых пакетов
[ODOM_NAV] шаг 13: pos=(-1.36,2.51) th=63.2° → цель dist=4.13м
  [TEL] pos=(-1.36,2.51) th=63.2°  F=7.71 L=5.94 R=3.41
[TURN] вправо 5.6° от 63.1°
[FLUSH] Сброшено 1 старых пакетов
[TURN] Фактически повернули -0.5°, теперь th=62.6°
[ODOM_NAV] шаг 14: pos=(-1.33,2.57) th=62.6° → цель dist=4.07м
  [TEL] pos=(-1.33,2.57) th=62.6°  F=7.52 L=5.41 R=3.48
[FLUSH] Сброшено 1 старых пакетов
[TURN] вправо 5.6° от 62.6°
[FLUSH] Сброшено 1 старых пакетов
[TURN] Фактически повернули -0.5°, теперь th=62.1°
[ODOM_NAV] шаг 15: pos=(-1.30,2.62) th=62.1° → цель dist=4.01м
  [TEL] pos=(-1.30,2.62) th=62.1°  F=7.40 L=5.35 R=3.43
[ODOM_NAV] БЫСТРОЕ движение (dist=4.01м > 2.0м)
[MOVE_FAST] Вперёд 1.00м (v=0.50, время≈2.2с)
[FLUSH] Сброшено 2 старых пакетов
[ODOM_NAV] шаг 16: pos=(-1.15,2.91) th=62.1° → цель dist=3.69м
  [TEL] pos=(-1.15,2.91) th=62.1°  F=7.07 L=5.11 R=3.15
[TURN] вправо 5.6° от 62.1°
[FLUSH] Сброшено 1 старых пакетов
[TURN] Фактически повернули -0.5°, теперь th=61.6°
[FLUSH] Сброшено 1 старых пакетов
[ODOM_NAV] шаг 17: pos=(-1.10,2.99) th=61.6° → цель dist=3.60м
  [TEL] pos=(-1.10,2.99) th=61.6°  F=6.93 L=5.03 R=3.10
[TURN] вправо 5.6° от 61.6°
[FLUSH] Сброшено 1 старых пакетов
[TURN] Фактически повернули -0.5°, теперь th=61.2°
[ODOM_NAV] шаг 18: pos=(-1.07,3.05) th=61.1° → цель dist=3.53м
  [TEL] pos=(-1.07,3.05) th=61.1°  F=6.80 L=4.96 R=3.07
[FLUSH] Сброшено 1 старых пакетов
[TURN] вправо 5.6° от 61.1°
[FLUSH] Сброшено 1 старых пакетов
[TURN] Фактически повернули -0.6°, теперь th=60.5°
[ODOM_NAV] шаг 19: pos=(-1.04,3.11) th=60.5° → цель dist=3.46м
  [TEL] pos=(-1.04,3.11) th=60.5°  F=6.67 L=4.89 R=3.13
[FLUSH] Сброшено 1 старых пакетов
[TURN] вправо 5.6° от 60.5°
[FLUSH] Сброшено 1 старых пакетов
[TURN] Фактически повернули -0.6°, теперь th=59.9°
[FLUSH] Сброшено 1 старых пакетов
[ODOM_NAV] шаг 20: pos=(-1.01,3.16) th=59.9° → цель dist=3.41м
  [TEL] pos=(-1.01,3.16) th=59.9°  F=6.55 L=4.83 R=3.19
[ODOM_NAV] БЫСТРОЕ движение (dist=3.41м > 2.0м)
[MOVE_FAST] Вперёд 1.00м (v=0.50, время≈2.2с)
[FLUSH] Сброшено 2 старых пакетов
[ODOM_NAV] шаг 21: pos=(-0.85,3.43) th=59.9° → цель dist=3.10м
  [TEL] pos=(-0.85,3.43) th=59.9°  F=6.23 L=4.59 R=2.77
[FLUSH] Сброшено 1 старых пакетов
[TURN] вправо 5.6° от 59.9°
[FLUSH] Сброшено 1 старых пакетов
[TURN] Фактически повернули -0.6°, теперь th=59.3°
[FLUSH] Сброшено 1 старых пакетов
[ODOM_NAV] шаг 22: pos=(-0.81,3.51) th=59.3° → цель dist=3.01м
  [TEL] pos=(-0.81,3.51) th=59.3°  F=6.09 L=4.51 R=2.67
[TURN] вправо 5.6° от 59.3°
[FLUSH] Сброшено 1 старых пакетов
[TURN] Фактически повернули -0.5°, теперь th=58.8°
[ODOM_NAV] шаг 23: pos=(-0.77,3.57) th=58.8° → цель dist=2.94м
  [TEL] pos=(-0.77,3.57) th=58.8°  F=5.96 L=4.44 R=2.60
[FLUSH] Сброшено 1 старых пакетов
[TURN] вправо 5.6° от 58.8°
[FLUSH] Сброшено 1 старых пакетов
[TURN] Фактически повернули -0.5°, теперь th=58.3°
[ODOM_NAV] шаг 24: pos=(-0.73,3.63) th=58.3° → цель dist=2.88м
  [TEL] pos=(-0.73,3.63) th=58.3°  F=5.85 L=4.38 R=2.54
[FLUSH] Сброшено 1 старых пакетов
[TURN] вправо 5.6° от 58.3°
[FLUSH] Сброшено 1 старых пакетов
[TURN] Фактически повернули -0.6°, теперь th=57.7°
[FLUSH] Сброшено 1 старых пакетов
[ODOM_NAV] шаг 25: pos=(-0.71,3.67) th=57.7° → цель dist=2.83м
  [TEL] pos=(-0.71,3.67) th=57.7°  F=5.75 L=4.32 R=2.51
[ODOM_NAV] БЫСТРОЕ движение (dist=2.83м > 2.0м)
[MOVE_FAST] Вперёд 1.00м (v=0.50, время≈2.2с)
[FLUSH] Сброшено 2 старых пакетов
[ODOM_NAV] шаг 26: pos=(-0.54,3.93) th=57.7° → цель dist=2.52м
  [TEL] pos=(-0.54,3.93) th=57.7°  F=5.44 L=4.08 R=2.31
[TURN] вправо 5.6° от 57.7°
[FLUSH] Сброшено 1 старых пакетов
[TURN] Фактически повернули -0.5°, теперь th=57.2°
[FLUSH] Сброшено 1 старых пакетов
[ODOM_NAV] шаг 27: pos=(-0.49,4.01) th=57.2° → цель dist=2.44м
  [TEL] pos=(-0.49,4.01) th=57.2°  F=5.32 L=4.01 R=2.31
[TURN] вправо 5.6° от 57.2°
[FLUSH] Сброшено 1 старых пакетов
[TURN] Фактически повернули -0.5°, теперь th=56.7°
[ODOM_NAV] шаг 28: pos=(-0.45,4.07) th=56.7° → цель dist=2.37м
  [TEL] pos=(-0.45,4.07) th=56.7°  F=5.21 L=3.95 R=5.62
[FLUSH] Сброшено 1 старых пакетов
[TURN] вправо 5.6° от 56.7°
[FLUSH] Сброшено 1 старых пакетов
[TURN] Фактически повернули -0.6°, теперь th=56.1°
[ODOM_NAV] шаг 29: pos=(-0.42,4.12) th=56.1° → цель dist=2.31м
  [TEL] pos=(-0.42,4.12) th=56.1°  F=5.10 L=3.89 R=5.59
[FLUSH] Сброшено 1 старых пакетов
[TURN] вправо 5.6° от 56.1°
[FLUSH] Сброшено 1 старых пакетов
[TURN] Фактически повернули -0.6°, теперь th=55.5°
[FLUSH] Сброшено 1 старых пакетов
[ODOM_NAV] шаг 30: pos=(-0.39,4.16) th=55.4° → цель dist=2.26м
  [TEL] pos=(-0.39,4.16) th=55.4°  F=5.01 L=3.83 R=5.57
[TURN] вправо 5.6° от 55.4°
[FLUSH] Сброшено 1 старых пакетов
[TURN] Фактически повернули -0.5°, теперь th=55.0°
[ODOM_NAV] шаг 31: pos=(-0.37,4.19) th=54.9° → цель dist=2.22м
  [TEL] pos=(-0.37,4.19) th=54.9°  F=4.94 L=3.79 R=5.56
[ODOM_NAV] БЫСТРОЕ движение (dist=2.22м > 2.0м)
[MOVE_FAST] Вперёд 1.00м (v=0.50, время≈2.2с)
[FLUSH] Сброшено 2 старых пакетов
[ODOM_NAV] шаг 32: pos=(-0.23,4.39) th=54.9° → цель dist=1.98м
  [TEL] pos=(-0.23,4.39) th=54.9°  F=4.69 L=3.61 R=5.36
[TURN] вправо 5.6° от 54.9°
[FLUSH] Сброшено 1 старых пакетов
[TURN] Фактически повернули -0.5°, теперь th=54.5°
[ODOM_NAV] шаг 33: pos=(-0.19,4.45) th=54.5° → цель dist=1.91м
  [TEL] pos=(-0.19,4.45) th=54.5°  F=4.59 L=3.54 R=5.33
[FLUSH] Сброшено 1 старых пакетов
[TURN] вправо 5.6° от 54.5°
[FLUSH] Сброшено 1 старых пакетов
[TURN] Фактически повернули -0.5°, теперь th=54.0°
[ODOM_NAV] шаг 34: pos=(-0.15,4.50) th=54.0° → цель dist=1.85м
  [TEL] pos=(-0.15,4.50) th=54.0°  F=4.50 L=3.48 R=5.30
[FLUSH] Сброшено 1 старых пакетов
[TURN] вправо 5.6° от 54.0°
[FLUSH] Сброшено 1 старых пакетов
[TURN] Фактически повернули -0.5°, теперь th=53.5°
[ODOM_NAV] шаг 35: pos=(-0.12,4.54) th=53.5° → цель dist=1.80м
  [TEL] pos=(-0.12,4.54) th=53.5°  F=4.43 L=3.44 R=5.27
[FLUSH] Сброшено 1 старых пакетов
[TURN] вправо 5.6° от 53.5°
[FLUSH] Сброшено 1 старых пакетов
[TURN] Фактически повернули -0.6°, теперь th=52.9°
[FLUSH] Сброшено 1 старых пакетов
[ODOM_NAV] шаг 36: pos=(-0.10,4.57) th=52.9° → цель dist=1.77м
  [TEL] pos=(-0.10,4.57) th=52.9°  F=4.36 L=3.40 R=5.26
[FLUSH] Сброшено 1 старых пакетов
[TURN] вправо 5.6° от 52.9°
[FLUSH] Сброшено 1 старых пакетов
[TURN] Фактически повернули -0.5°, теперь th=52.4°
[FLUSH] Сброшено 1 старых пакетов
[ODOM_NAV] шаг 37: pos=(-0.08,4.59) th=52.4° → цель dist=1.74м
  [TEL] pos=(-0.08,4.59) th=52.4°  F=4.31 L=3.37 R=5.27
[TURN] вправо 5.6° от 52.4°
[FLUSH] Сброшено 1 старых пакетов
[TURN] Фактически повернули -0.5°, теперь th=51.9°
[FLUSH] Сброшено 1 старых пакетов
[ODOM_NAV] шаг 38: pos=(-0.08,4.60) th=51.9° → цель dist=1.73м
  [TEL] pos=(-0.08,4.60) th=51.9°  F=4.27 L=3.35 R=5.27
[TURN] вправо 5.6° от 51.9°
[FLUSH] Сброшено 1 старых пакетов
[TURN] Фактически повернули -0.5°, теперь th=51.4°
[ODOM_NAV] шаг 39: pos=(-0.08,4.60) th=51.4° → цель dist=1.73м
  [TEL] pos=(-0.08,4.60) th=51.4°  F=4.24 L=3.34 R=5.29
[ODOM_NAV] Среднее движение (dist=1.73м > 1.0м)
[MOVE_FAST] Вперёд 0.50м (v=0.40, время≈1.4с)
[ODOM_NAV] Достигнут лимит шагов (40)
[FLUSH] Сброшено 2 старых пакетов
[MAIN] Узел [4] завершён
[MAIN] Цель:   (1.24, 5.72) th=54.5°
[MAIN] Факт:   (-0.05, 4.64) th=51.4°
[MAIN] Ошибка: dist=1.68м, th=3.1°

================================================================================
УЗЕЛ [5]: Перед воротами (F=2.57 L=2.78 R=2.79)
Цель: (1.22, 6.67, 91.0°)
Режим: ODOMETRY
Время: 130.5с / 999.0с
================================================================================
[ODOM_NAV] Цель: (1.22,6.67) th=91.0°
[ODOM_NAV] шаг 0: pos=(-0.05,4.64) th=51.4° → цель dist=2.40м
  [TEL] pos=(-0.05,4.64) th=51.4°  F=4.19 L=3.30 R=5.25
[ODOM_NAV] БЫСТРОЕ движение (dist=2.40м > 2.0м)
[MOVE_FAST] Вперёд 1.00м (v=0.50, время≈2.2с)
[FLUSH] Сброшено 2 старых пакетов
[ODOM_NAV] шаг 1: pos=(0.10,4.82) th=51.4° → цель dist=2.17м
  [TEL] pos=(0.10,4.82) th=51.4°  F=3.96 L=3.12 R=5.08
[ODOM_NAV] БЫСТРОЕ движение (dist=2.17м > 2.0м)
[MOVE_FAST] Вперёд 1.00м (v=0.50, время≈2.2с)
[FLUSH] Сброшено 2 старых пакетов
[ODOM_NAV] шаг 2: pos=(0.36,5.15) th=51.4° → цель dist=1.75м
  [TEL] pos=(0.36,5.15) th=51.4°  F=3.53 L=2.79 R=4.76
[ODOM_NAV] Среднее движение (dist=1.75м > 1.0м)
[MOVE_FAST] Вперёд 0.50м (v=0.40, время≈1.4с)
[FLUSH] Сброшено 2 старых пакетов
[ODOM_NAV] шаг 3: pos=(0.53,5.36) th=51.4° → цель dist=1.48м
  [TEL] pos=(0.53,5.36) th=51.4°  F=3.27 L=2.58 R=4.56
[ODOM_NAV] Среднее движение (dist=1.48м > 1.0м)
[MOVE_FAST] Вперёд 0.50м (v=0.40, время≈1.4с)
[FLUSH] Сброшено 2 старых пакетов
[ODOM_NAV] шаг 4: pos=(0.69,5.56) th=51.4° → цель dist=1.23м
  [TEL] pos=(0.69,5.56) th=51.4°  F=3.01 L=2.37 R=4.38
[FLUSH] Сброшено 1 старых пакетов
[TURN] влево 5.6° от 51.4°
[FLUSH] Сброшено 1 старых пакетов
[TURN] Фактически повернули 0.6°, теперь th=52.0°
[FLUSH] Сброшено 1 старых пакетов
[ODOM_NAV] шаг 5: pos=(0.74,5.63) th=52.0° → цель dist=1.15м
  [TEL] pos=(0.74,5.63) th=52.0°  F=2.94 L=2.31 R=4.30
[TURN] влево 5.6° от 52.1°
[FLUSH] Сброшено 1 старых пакетов
[TURN] Фактически повернули 0.6°, теперь th=52.6°
[FLUSH] Сброшено 1 старых пакетов
[ODOM_NAV] шаг 6: pos=(0.78,5.68) th=52.7° → цель dist=1.08м
  [TEL] pos=(0.78,5.68) th=52.7°  F=2.90 L=2.26 R=4.23
[TURN] влево 5.6° от 52.7°
[FLUSH] Сброшено 1 старых пакетов
[TURN] Фактически повернули 0.5°, теперь th=53.2°
[ODOM_NAV] шаг 7: pos=(0.82,5.73) th=53.2° → цель dist=1.03м
  [TEL] pos=(0.82,5.73) th=53.2°  F=2.86 L=2.23 R=4.17
[FLUSH] Сброшено 1 старых пакетов
[TURN] влево 5.6° от 53.2°
[FLUSH] Сброшено 1 старых пакетов
[TURN] Фактически повернули 0.5°, теперь th=53.6°
[ODOM_NAV] шаг 8: pos=(0.84,5.76) th=53.6° → цель dist=0.98м
  [TEL] pos=(0.84,5.76) th=53.6°  F=2.84 L=2.20 R=4.13
[FLUSH] Сброшено 1 старых пакетов
[TURN] влево 5.6° от 53.6°
[FLUSH] Сброшено 1 старых пакетов
[TURN] Фактически повернули 0.6°, теперь th=54.2°
[FLUSH] Сброшено 1 старых пакетов
[ODOM_NAV] шаг 9: pos=(0.86,5.79) th=54.3° → цель dist=0.95м
  [TEL] pos=(0.86,5.79) th=54.3°  F=2.82 L=2.18 R=4.08
[FLUSH] Сброшено 1 старых пакетов
[TURN] влево 5.6° от 54.3°
[FLUSH] Сброшено 1 старых пакетов
[TURN] Фактически повернули 0.6°, теперь th=54.9°
[FLUSH] Сброшено 1 старых пакетов
[ODOM_NAV] шаг 10: pos=(0.88,5.81) th=54.9° → цель dist=0.93м
  [TEL] pos=(0.88,5.81) th=54.9°  F=2.83 L=2.17 R=4.05
[TURN] влево 5.6° от 54.9°
[FLUSH] Сброшено 1 старых пакетов
[TURN] Фактически повернули 0.5°, теперь th=55.4°
[FLUSH] Сброшено 1 старых пакетов
[ODOM_NAV] шаг 11: pos=(0.88,5.81) th=55.4° → цель dist=0.92м
  [TEL] pos=(0.88,5.81) th=55.4°  F=2.83 L=2.17 R=4.04
[TURN] влево 5.6° от 55.4°
[FLUSH] Сброшено 1 старых пакетов
[TURN] Фактически повернули 0.6°, теперь th=56.0°
[ODOM_NAV] шаг 12: pos=(0.88,5.81) th=56.0° → цель dist=0.92м
  [TEL] pos=(0.88,5.81) th=56.0°  F=2.86 L=2.18 R=4.03
[FLUSH] Сброшено 1 старых пакетов
[TURN] влево 5.6° от 56.0°
[FLUSH] Сброшено 1 старых пакетов
[TURN] Фактически повернули 0.6°, теперь th=56.6°
[ODOM_NAV] шаг 13: pos=(0.88,5.81) th=56.6° → цель dist=0.92м
  [TEL] pos=(0.88,5.81) th=56.6°  F=2.88 L=2.19 R=4.01
[TURN] влево 5.6° от 56.7°
[FLUSH] Сброшено 1 старых пакетов
[TURN] Фактически повернули 0.6°, теперь th=57.2°
[FLUSH] Сброшено 1 старых пакетов
[ODOM_NAV] шаг 14: pos=(0.88,5.81) th=57.3° → цель dist=0.92м
  [TEL] pos=(0.88,5.81) th=57.3°  F=2.90 L=2.19 R=4.00
[ODOM_NAV] Медленное движение (dist=0.92м > 0.15м)
[MOVE_PRECISE] Вперёд 0.20м от (0.88,5.81)
[FLUSH] Сброшено 2 старых пакетов
[MOVE_PRECISE] Фактически проехали 0.23м
[ODOM_NAV] шаг 15: pos=(1.01,6.01) th=57.3° → цель dist=0.70м
  [TEL] pos=(1.01,6.01) th=57.3°  F=2.68 L=2.02 R=3.82
[FLUSH] Сброшено 1 старых пакетов
[TURN] влево 5.6° от 57.3°
[FLUSH] Сброшено 1 старых пакетов
[TURN] Фактически повернули 0.6°, теперь th=57.9°
[ODOM_NAV] шаг 16: pos=(1.01,6.02) th=57.9° → цель dist=0.69м
  [TEL] pos=(1.01,6.02) th=57.9°  F=2.69 L=2.02 R=3.80
[FLUSH] Сброшено 1 старых пакетов
[TURN] влево 5.6° от 57.9°
[FLUSH] Сброшено 1 старых пакетов
[TURN] Фактически повернули 0.6°, теперь th=58.5°
[ODOM_NAV] шаг 17: pos=(1.01,6.02) th=58.5° → цель dist=0.68м
  [TEL] pos=(1.01,6.02) th=58.5°  F=2.72 L=2.03 R=3.79
[FLUSH] Сброшено 1 старых пакетов
[TURN] влево 5.6° от 58.5°
[FLUSH] Сброшено 1 старых пакетов
[TURN] Фактически повернули 0.6°, теперь th=59.1°
[FLUSH] Сброшено 1 старых пакетов
[ODOM_NAV] шаг 18: pos=(1.01,6.02) th=59.2° → цель dist=0.68м
  [TEL] pos=(1.01,6.02) th=59.2°  F=2.74 L=2.03 R=3.77
[TURN] влево 5.6° от 59.2°
[FLUSH] Сброшено 1 старых пакетов
[TURN] Фактически повернули 0.5°, теперь th=59.7°
[FLUSH] Сброшено 1 старых пакетов
[ODOM_NAV] шаг 19: pos=(1.01,6.02) th=59.7° → цель dist=0.68м
  [TEL] pos=(1.01,6.02) th=59.7°  F=2.76 L=2.04 R=3.77
[TURN] влево 5.6° от 59.7°
[FLUSH] Сброшено 1 старых пакетов
[TURN] Фактически повернули 0.5°, теперь th=60.1°
[ODOM_NAV] шаг 20: pos=(1.01,6.02) th=60.1° → цель dist=0.68м
  [TEL] pos=(1.01,6.02) th=60.1°  F=2.78 L=2.04 R=3.76
[FLUSH] Сброшено 1 старых пакетов
[TURN] влево 5.6° от 60.1°
[FLUSH] Сброшено 1 старых пакетов
[TURN] Фактически повернули 0.5°, теперь th=60.6°
[ODOM_NAV] шаг 21: pos=(1.01,6.02) th=60.6° → цель dist=0.68м
  [TEL] pos=(1.01,6.02) th=60.6°  F=2.80 L=2.05 R=3.75
[FLUSH] Сброшено 1 старых пакетов
[TURN] влево 5.6° от 60.6°
[FLUSH] Сброшено 1 старых пакетов
[TURN] Фактически повернули 0.6°, теперь th=61.2°
[FLUSH] Сброшено 1 старых пакетов
[ODOM_NAV] шаг 22: pos=(1.01,6.02) th=61.2° → цель dist=0.68м
  [TEL] pos=(1.01,6.02) th=61.2°  F=2.82 L=2.06 R=3.74
[ODOM_NAV] Медленное движение (dist=0.68м > 0.15м)
[FLUSH] Сброшено 1 старых пакетов
[MOVE_PRECISE] Вперёд 0.20м от (1.01,6.02)
[FLUSH] Сброшено 2 старых пакетов
[MOVE_PRECISE] Фактически проехали 0.23м
[FLUSH] Сброшено 1 старых пакетов
[ODOM_NAV] шаг 23: pos=(1.12,6.22) th=61.3° → цель dist=0.46м
  [TEL] pos=(1.12,6.22) th=61.3°  F=2.60 L=1.90 R=3.56
[TURN] влево 5.6° от 61.3°
[FLUSH] Сброшено 1 старых пакетов
[TURN] Фактически повернули 0.5°, теперь th=61.7°
[FLUSH] Сброшено 1 старых пакетов
[ODOM_NAV] шаг 24: pos=(1.13,6.23) th=61.7° → цель dist=0.45м
  [TEL] pos=(1.13,6.23) th=61.7°  F=2.61 L=1.89 R=3.54
[TURN] влево 5.6° от 61.7°
[FLUSH] Сброшено 1 старых пакетов
[TURN] Фактически повернули 0.5°, теперь th=62.2°
[ODOM_NAV] шаг 25: pos=(1.13,6.23) th=62.2° → цель dist=0.45м
  [TEL] pos=(1.13,6.23) th=62.2°  F=2.63 L=1.90 R=3.53
[FLUSH] Сброшено 1 старых пакетов
[TURN] влево 5.6° от 62.2°
[FLUSH] Сброшено 1 старых пакетов
[TURN] Фактически повернули 0.6°, теперь th=62.8°
[ODOM_NAV] шаг 26: pos=(1.13,6.23) th=62.8° → цель dist=0.45м
  [TEL] pos=(1.13,6.23) th=62.8°  F=2.65 L=1.91 R=3.52
[FLUSH] Сброшено 1 старых пакетов
[TURN] влево 5.6° от 62.9°
[FLUSH] Сброшено 1 старых пакетов
[TURN] Фактически повернули 0.6°, теперь th=63.4°
[FLUSH] Сброшено 1 старых пакетов
[ODOM_NAV] шаг 27: pos=(1.13,6.23) th=63.5° → цель dist=0.45м
  [TEL] pos=(1.13,6.23) th=63.5°  F=2.69 L=1.92 R=3.51
[TURN] влево 5.6° от 63.5°
[FLUSH] Сброшено 1 старых пакетов
[TURN] Фактически повернули 0.5°, теперь th=64.0°
[FLUSH] Сброшено 1 старых пакетов
[ODOM_NAV] шаг 28: pos=(1.13,6.23) th=64.0° → цель dist=0.45м
  [TEL] pos=(1.13,6.23) th=64.0°  F=2.71 L=1.92 R=3.51
[TURN] влево 5.6° от 64.0°
[FLUSH] Сброшено 1 старых пакетов
[TURN] Фактически повернули 0.5°, теперь th=64.4°
[ODOM_NAV] шаг 29: pos=(1.13,6.23) th=64.5° → цель dist=0.45м
  [TEL] pos=(1.13,6.23) th=64.5°  F=2.74 L=1.93 R=3.50
[FLUSH] Сброшено 1 старых пакетов
[TURN] влево 5.6° от 64.5°
[FLUSH] Сброшено 1 старых пакетов
[TURN] Фактически повернули 0.5°, теперь th=64.9°
[ODOM_NAV] шаг 30: pos=(1.13,6.23) th=64.9° → цель dist=0.45м
  [TEL] pos=(1.13,6.23) th=64.9°  F=2.76 L=1.94 R=3.49
[FLUSH] Сброшено 1 старых пакетов
[TURN] влево 5.6° от 64.9°
[FLUSH] Сброшено 1 старых пакетов
[TURN] Фактически повернули 0.6°, теперь th=65.5°
[FLUSH] Сброшено 1 старых пакетов
[ODOM_NAV] шаг 31: pos=(1.13,6.23) th=65.6° → цель dist=0.45м
  [TEL] pos=(1.13,6.23) th=65.6°  F=2.79 L=1.96 R=3.49
[FLUSH] Сброшено 1 старых пакетов
[TURN] влево 5.6° от 65.6°
[FLUSH] Сброшено 1 старых пакетов
[TURN] Фактически повернули 0.6°, теперь th=66.1°
[FLUSH] Сброшено 1 старых пакетов
[ODOM_NAV] шаг 32: pos=(1.13,6.23) th=66.2° → цель dist=0.45м
  [TEL] pos=(1.13,6.23) th=66.2°  F=2.82 L=1.96 R=3.47
[TURN] влево 5.6° от 66.2°
[FLUSH] Сброшено 1 старых пакетов
[TURN] Фактически повернули 0.5°, теперь th=66.7°
[FLUSH] Сброшено 1 старых пакетов
[ODOM_NAV] шаг 33: pos=(1.13,6.23) th=66.7° → цель dist=0.45м
  [TEL] pos=(1.13,6.23) th=66.7°  F=2.86 L=1.97 R=3.47
[TURN] влево 5.6° от 66.7°
[FLUSH] Сброшено 1 старых пакетов
[TURN] Фактически повернули 0.5°, теперь th=67.2°
[ODOM_NAV] шаг 34: pos=(1.13,6.23) th=67.2° → цель dist=0.45м
  [TEL] pos=(1.13,6.23) th=67.2°  F=2.88 L=1.98 R=3.47
[ODOM_NAV] Медленное движение (dist=0.45м > 0.15м)
[FLUSH] Сброшено 1 старых пакетов
[MOVE_PRECISE] Вперёд 0.20м от (1.13,6.23)
[FLUSH] Сброшено 2 старых пакетов
[MOVE_PRECISE] Фактически проехали 0.23м
[FLUSH] Сброшено 1 старых пакетов
[ODOM_NAV] шаг 35: pos=(1.22,6.44) th=67.2° → цель dist=0.23м
  [TEL] pos=(1.22,6.44) th=67.2°  F=2.65 L=1.82 R=3.27
[TURN] влево 11.2° от 67.2°
[FLUSH] Сброшено 1 старых пакетов
[TURN] Фактически повернули 1.2°, теперь th=68.4°
[ODOM_NAV] шаг 36: pos=(1.22,6.45) th=68.4° → цель dist=0.22м
  [TEL] pos=(1.22,6.45) th=68.4°  F=2.71 L=1.83 R=3.25
[FLUSH] Сброшено 1 старых пакетов
[TURN] влево 11.2° от 68.5°
[FLUSH] Сброшено 1 старых пакетов
[TURN] Фактически повернули 1.7°, теперь th=70.3°
[ODOM_NAV] шаг 37: pos=(1.22,6.45) th=70.4° → цель dist=0.22м
  [TEL] pos=(1.22,6.45) th=70.4°  F=2.83 L=1.87 R=3.23
[FLUSH] Сброшено 1 старых пакетов
[TURN] влево 11.2° от 70.5°
[FLUSH] Сброшено 1 старых пакетов
[TURN] Фактически повернули 1.9°, теперь th=72.4°
[FLUSH] Сброшено 1 старых пакетов
[ODOM_NAV] шаг 38: pos=(1.22,6.45) th=72.6° → цель dist=0.22м
  [TEL] pos=(1.22,6.45) th=72.6°  F=3.00 L=1.92 R=3.21
[TURN] влево 11.2° от 72.7°
[FLUSH] Сброшено 1 старых пакетов
[TURN] Фактически повернули 2.2°, теперь th=74.9°
[FLUSH] Сброшено 1 старых пакетов
[ODOM_NAV] шаг 39: pos=(1.22,6.45) th=75.2° → цель dist=0.22м
  [TEL] pos=(1.22,6.45) th=75.2°  F=3.21 L=1.97 R=3.20
[FLUSH] Сброшено 1 старых пакетов
[TURN] влево 5.6° от 75.4°
[FLUSH] Сброшено 1 старых пакетов
[TURN] Фактически повернули 1.7°, теперь th=77.1°
[ODOM_NAV] Достигнут лимит шагов (40)
[FLUSH] Сброшено 1 старых пакетов
[MAIN] Узел [5] завершён
[MAIN] Цель:   (1.22, 6.67) th=91.0°
[MAIN] Факт:   (1.22, 6.45) th=77.3°
[MAIN] Ошибка: dist=0.22м, th=13.7°

================================================================================
УЗЕЛ [6]: Корректировка (F=1.93 L=1.17 R=3.09)
Цель: (0.06, 8.18, 127.6°)
Режим: ODOMETRY
Время: 173.1с / 999.0с
================================================================================
[ODOM_NAV] Цель: (0.06,8.18) th=127.6°
[ODOM_NAV] шаг 0: pos=(1.22,6.45) th=77.4° → цель dist=2.08м
  [TEL] pos=(1.22,6.45) th=77.4°  F=3.45 L=2.04 R=3.18
[FLUSH] Сброшено 1 старых пакетов
[TURN] влево 22.5° от 77.6°
[FLUSH] Сброшено 1 старых пакетов
[TURN] Фактически повернули 6.1°, теперь th=83.7°
[ODOM_NAV] шаг 1: pos=(1.22,6.45) th=83.9° → цель dist=2.08м
  [TEL] pos=(1.22,6.45) th=83.9°  F=3.38 L=2.27 R=3.18
[FLUSH] Сброшено 1 старых пакетов
[TURN] влево 22.5° от 84.4°
[FLUSH] Сброшено 1 старых пакетов
[TURN] Фактически повернули 9.9°, теперь th=94.3°
[FLUSH] Сброшено 1 старых пакетов
[ODOM_NAV] шаг 2: pos=(1.22,6.45) th=94.9° → цель dist=2.08м
  [TEL] pos=(1.22,6.45) th=94.9°  F=3.21 L=3.06 R=3.29
[TURN] влево 22.5° от 95.2°
[FLUSH] Сброшено 1 старых пакетов
[TURN] Фактически повернули 12.1°, теперь th=107.3°
[FLUSH] Сброшено 1 старых пакетов
[ODOM_NAV] шаг 3: pos=(1.22,6.45) th=107.9° → цель dist=2.08м
  [TEL] pos=(1.22,6.45) th=107.9°  F=3.20 L=3.30 R=3.64
[TURN] влево 5.6° от 108.3°
[FLUSH] Сброшено 1 старых пакетов
[TURN] Фактически повернули 4.2°, теперь th=112.5°
[FLUSH] Сброшено 1 старых пакетов
[ODOM_NAV] шаг 4: pos=(1.22,6.45) th=113.0° → цель dist=2.08м
  [TEL] pos=(1.22,6.45) th=113.0°  F=3.26 L=3.23 R=3.89
[ODOM_NAV] БЫСТРОЕ движение (dist=2.08м > 2.0м)
[MOVE_FAST] Вперёд 1.00м (v=0.50, время≈2.2с)
[FLUSH] Сброшено 2 старых пакетов
[ODOM_NAV] шаг 5: pos=(1.17,6.55) th=116.0° → цель dist=1.97м
  [TEL] pos=(1.17,6.55) th=116.0°  F=3.20 L=3.09 R=4.24
[ODOM_NAV] Среднее движение (dist=1.97м > 1.0м)
[MOVE_FAST] Вперёд 0.50м (v=0.40, время≈1.4с)
[FLUSH] Сброшено 2 старых пакетов
[ODOM_NAV] шаг 6: pos=(1.09,6.71) th=116.0° → цель dist=1.79м
  [TEL] pos=(1.09,6.71) th=116.0°  F=3.02 L=2.92 R=4.01
[ODOM_NAV] Среднее движение (dist=1.79м > 1.0м)
[MOVE_FAST] Вперёд 0.50м (v=0.40, время≈1.4с)
[FLUSH] Сброшено 2 старых пакетов
[ODOM_NAV] шаг 7: pos=(0.99,6.93) th=116.0° → цель dist=1.56м
  [TEL] pos=(0.99,6.93) th=116.0°  F=2.78 L=2.69 R=3.40
[ODOM_NAV] Среднее движение (dist=1.56м > 1.0м)
[MOVE_FAST] Вперёд 0.50м (v=0.40, время≈1.4с)
[FLUSH] Сброшено 2 старых пакетов
[ODOM_NAV] шаг 8: pos=(0.88,7.16) th=116.0° → цель dist=1.30м
  [TEL] pos=(0.88,7.16) th=116.0°  F=2.52 L=2.44 R=3.09
[TURN] влево 5.6° от 116.0°
[FLUSH] Сброшено 1 старых пакетов
[TURN] Фактически повернули 0.5°, теперь th=116.5°
[FLUSH] Сброшено 1 старых пакетов
[ODOM_NAV] шаг 9: pos=(0.84,7.24) th=116.5° → цель dist=1.22м
  [TEL] pos=(0.84,7.24) th=116.5°  F=2.45 L=2.36 R=3.01
[TURN] влево 5.6° от 116.5°
[FLUSH] Сброшено 1 старых пакетов
[TURN] Фактически повернули 0.5°, теперь th=116.9°
[ODOM_NAV] шаг 10: pos=(0.81,7.30) th=117.0° → цель dist=1.16м
  [TEL] pos=(0.81,7.30) th=117.0°  F=2.38 L=2.29 R=2.94
[FLUSH] Сброшено 1 старых пакетов
[TURN] влево 5.6° от 117.0°
[FLUSH] Сброшено 1 старых пакетов
[TURN] Фактически повернули 0.6°, теперь th=117.5°
[FLUSH] Сброшено 1 старых пакетов
[ODOM_NAV] шаг 11: pos=(0.78,7.35) th=117.6° → цель dist=1.10м
  [TEL] pos=(0.78,7.35) th=117.6°  F=2.33 L=2.23 R=2.90
[FLUSH] Сброшено 1 старых пакетов
[TURN] влево 5.6° от 117.6°
[FLUSH] Сброшено 1 старых пакетов
[TURN] Фактически повернули 0.6°, теперь th=118.2°
[FLUSH] Сброшено 1 старых пакетов
[ODOM_NAV] шаг 12: pos=(0.76,7.39) th=118.2° → цель dist=1.06м
  [TEL] pos=(0.76,7.39) th=118.2°  F=2.30 L=2.18 R=2.87
[TURN] влево 5.6° от 118.2°
[FLUSH] Сброшено 1 старых пакетов
[TURN] Фактически повернули 0.5°, теперь th=118.7°
[FLUSH] Сброшено 1 старых пакетов
[ODOM_NAV] шаг 13: pos=(0.75,7.42) th=118.7° → цель dist=1.03м
  [TEL] pos=(0.75,7.42) th=118.7°  F=2.27 L=2.15 R=2.85
[TURN] влево 5.6° от 118.7°
[FLUSH] Сброшено 1 старых пакетов
[TURN] Фактически повернули 0.5°, теперь th=119.2°
[ODOM_NAV] шаг 14: pos=(0.74,7.44) th=119.2° → цель dist=1.01м
  [TEL] pos=(0.74,7.44) th=119.2°  F=2.26 L=2.13 R=2.85
[FLUSH] Сброшено 1 старых пакетов
[TURN] влево 5.6° от 119.2°
[FLUSH] Сброшено 1 старых пакетов
[TURN] Фактически повернули 0.6°, теперь th=119.8°
[FLUSH] Сброшено 1 старых пакетов
[ODOM_NAV] шаг 15: pos=(0.73,7.44) th=119.8° → цель dist=1.00м
  [TEL] pos=(0.73,7.44) th=119.8°  F=2.25 L=2.12 R=2.87
[TURN] влево 5.6° от 119.8°
[FLUSH] Сброшено 1 старых пакетов
[TURN] Фактически повернули 0.5°, теперь th=120.3°
[FLUSH] Сброшено 1 старых пакетов
[ODOM_NAV] шаг 16: pos=(0.73,7.44) th=120.3° → цель dist=1.00м
  [TEL] pos=(0.73,7.44) th=120.3°  F=2.26 L=2.12 R=2.89
[TURN] влево 5.6° от 120.3°
[FLUSH] Сброшено 1 старых пакетов
[TURN] Фактически повернули 0.5°, теперь th=120.8°
[ODOM_NAV] шаг 17: pos=(0.73,7.44) th=120.8° → цель dist=1.00м
  [TEL] pos=(0.73,7.44) th=120.8°  F=2.27 L=2.12 R=3.25
[FLUSH] Сброшено 1 старых пакетов
[TURN] влево 5.6° от 120.8°
[FLUSH] Сброшено 1 старых пакетов
[TURN] Фактически повернули 0.5°, теперь th=121.3°
[ODOM_NAV] шаг 18: pos=(0.73,7.44) th=121.3° → цель dist=1.00м
  [TEL] pos=(0.73,7.44) th=121.3°  F=2.28 L=2.12 R=3.28
[ODOM_NAV] Медленное движение (dist=1.00м > 0.15м)
[FLUSH] Сброшено 1 старых пакетов
[MOVE_PRECISE] Вперёд 0.20м от (0.73,7.44)
[FLUSH] Сброшено 2 старых пакетов
[MOVE_PRECISE] Фактически проехали 0.23м
[ODOM_NAV] шаг 19: pos=(0.61,7.64) th=121.3° → цель dist=0.77м
  [TEL] pos=(0.61,7.64) th=121.3°  F=2.05 L=1.92 R=2.64
[FLUSH] Сброшено 1 старых пакетов
[TURN] влево 5.6° от 121.3°
[FLUSH] Сброшено 1 старых пакетов
[TURN] Фактически повернули 0.6°, теперь th=121.9°
[ODOM_NAV] шаг 20: pos=(0.61,7.65) th=121.9° → цель dist=0.76м
  [TEL] pos=(0.61,7.65) th=121.9°  F=2.05 L=1.90 R=2.65
[FLUSH] Сброшено 1 старых пакетов
[TURN] влево 5.6° от 121.9°
[FLUSH] Сброшено 1 старых пакетов
[TURN] Фактически повернули 0.6°, теперь th=122.5°
[FLUSH] Сброшено 1 старых пакетов
[ODOM_NAV] шаг 21: pos=(0.61,7.65) th=122.5° → цель dist=0.76м
  [TEL] pos=(0.61,7.65) th=122.5°  F=2.06 L=1.90 R=3.03
[TURN] влево 5.6° от 122.5°
[FLUSH] Сброшено 1 старых пакетов
[TURN] Фактически повернули 0.5°, теперь th=123.0°
[FLUSH] Сброшено 1 старых пакетов
[ODOM_NAV] шаг 22: pos=(0.61,7.65) th=123.0° → цель dist=0.76м
  [TEL] pos=(0.61,7.65) th=123.0°  F=2.06 L=1.89 R=3.06
[TURN] влево 5.6° от 123.0°
[FLUSH] Сброшено 1 старых пакетов
[TURN] Фактически повернули 0.6°, теперь th=123.6°
[ODOM_NAV] шаг 23: pos=(0.61,7.65) th=123.6° → цель dist=0.76м
  [TEL] pos=(0.61,7.65) th=123.6°  F=2.08 L=1.90 R=3.10
[FLUSH] Сброшено 1 старых пакетов
[TURN] влево 5.6° от 123.6°
[FLUSH] Сброшено 1 старых пакетов
[TURN] Фактически повернули 0.6°, теперь th=124.2°
[ODOM_NAV] шаг 24: pos=(0.61,7.65) th=124.3° → цель dist=0.76м
  [TEL] pos=(0.61,7.65) th=124.3°  F=2.09 L=1.89 R=3.14
[FLUSH] Сброшено 1 старых пакетов
[TURN] влево 5.6° от 124.3°
[FLUSH] Сброшено 1 старых пакетов
[TURN] Фактически повернули 0.6°, теперь th=124.8°
[FLUSH] Сброшено 1 старых пакетов
[ODOM_NAV] шаг 25: pos=(0.61,7.65) th=124.9° → цель dist=0.76м
  [TEL] pos=(0.61,7.65) th=124.9°  F=2.09 L=1.90 R=3.17
[ODOM_NAV] Медленное движение (dist=0.76м > 0.15м)
[MOVE_PRECISE] Вперёд 0.20м от (0.61,7.65)
[FLUSH] Сброшено 2 старых пакетов
[MOVE_PRECISE] Фактически проехали 0.23м
[FLUSH] Сброшено 1 старых пакетов
[ODOM_NAV] шаг 26: pos=(0.48,7.84) th=124.9° → цель dist=0.54м
  [TEL] pos=(0.48,7.84) th=124.9°  F=1.87 L=1.69 R=2.86
[FLUSH] Сброшено 1 старых пакетов
[TURN] влево 5.6° от 124.9°
[FLUSH] Сброшено 1 старых пакетов
[TURN] Фактически повернули 0.6°, теперь th=125.5°
[FLUSH] Сброшено 1 старых пакетов
[ODOM_NAV] шаг 27: pos=(0.47,7.85) th=125.5° → цель dist=0.53м
  [TEL] pos=(0.47,7.85) th=125.5°  F=1.86 L=1.68 R=2.87
[TURN] влево 5.6° от 125.5°
[FLUSH] Сброшено 1 старых пакетов
[TURN] Фактически повернули 0.5°, теперь th=126.0°
[ODOM_NAV] шаг 28: pos=(0.47,7.85) th=126.0° → цель dist=0.53м
  [TEL] pos=(0.47,7.85) th=126.0°  F=1.87 L=1.68 R=2.91
[FLUSH] Сброшено 1 старых пакетов
[TURN] влево 5.6° от 126.0°
[FLUSH] Сброшено 1 старых пакетов
[TURN] Фактически повернули 0.6°, теперь th=126.6°
[ODOM_NAV] шаг 29: pos=(0.47,7.85) th=126.6° → цель dist=0.53м
  [TEL] pos=(0.47,7.85) th=126.6°  F=1.88 L=1.68 R=2.94
[FLUSH] Сброшено 1 старых пакетов
[TURN] влево 5.6° от 126.6°
[FLUSH] Сброшено 1 старых пакетов
[TURN] Фактически повернули 0.6°, теперь th=127.2°
[FLUSH] Сброшено 1 старых пакетов
[ODOM_NAV] шаг 30: pos=(0.47,7.85) th=127.3° → цель dist=0.53м
  [TEL] pos=(0.47,7.85) th=127.3°  F=1.89 L=1.68 R=2.98
[TURN] влево 5.6° от 127.3°
[FLUSH] Сброшено 1 старых пакетов
[TURN] Фактически повернули 0.5°, теперь th=127.7°
[FLUSH] Сброшено 1 старых пакетов
[ODOM_NAV] шаг 31: pos=(0.47,7.85) th=127.8° → цель dist=0.53м
  [TEL] pos=(0.47,7.85) th=127.8°  F=1.90 L=1.68 R=3.00
[TURN] влево 5.6° от 127.8°
[FLUSH] Сброшено 1 старых пакетов
[TURN] Фактически повернули 0.5°, теперь th=128.2°
[ODOM_NAV] шаг 32: pos=(0.47,7.85) th=128.2° → цель dist=0.53м
  [TEL] pos=(0.47,7.85) th=128.2°  F=1.90 L=1.68 R=3.03
[FLUSH] Сброшено 1 старых пакетов
[TURN] влево 5.6° от 128.2°
[FLUSH] Сброшено 1 старых пакетов
[TURN] Фактически повернули 0.6°, теперь th=128.8°
[ODOM_NAV] шаг 33: pos=(0.47,7.85) th=128.9° → цель dist=0.53м
  [TEL] pos=(0.47,7.85) th=128.9°  F=1.92 L=1.69 R=3.07
[FLUSH] Сброшено 1 старых пакетов
[TURN] влево 5.6° от 128.9°
[FLUSH] Сброшено 1 старых пакетов
[TURN] Фактически повернули 0.6°, теперь th=129.4°
[FLUSH] Сброшено 1 старых пакетов
[ODOM_NAV] шаг 34: pos=(0.47,7.85) th=129.5° → цель dist=0.53м
  [TEL] pos=(0.47,7.85) th=129.5°  F=1.93 L=1.69 R=3.11
[ODOM_NAV] Медленное движение (dist=0.53м > 0.15м)
[MOVE_PRECISE] Вперёд 0.20м от (0.47,7.85)
[FLUSH] Сброшено 2 старых пакетов
[MOVE_PRECISE] Фактически проехали 0.23м
[FLUSH] Сброшено 1 старых пакетов
[ODOM_NAV] шаг 35: pos=(0.32,8.02) th=129.5° → цель dist=0.31м
  [TEL] pos=(0.32,8.02) th=129.5°  F=1.70 L=1.49 R=2.79
[FLUSH] Сброшено 1 старых пакетов
[TURN] влево 11.2° от 129.5°
[FLUSH] Сброшено 1 старых пакетов
[TURN] Фактически повернули 1.2°, теперь th=130.7°
[ODOM_NAV] шаг 36: pos=(0.31,8.03) th=130.8° → цель dist=0.29м
  [TEL] pos=(0.31,8.03) th=130.8°  F=1.70 L=1.49 R=2.84
[FLUSH] Сброшено 1 старых пакетов
[TURN] влево 11.2° от 130.9°
[FLUSH] Сброшено 1 старых пакетов
[TURN] Фактически повернули 1.8°, теперь th=132.7°
[FLUSH] Сброшено 1 старых пакетов
[ODOM_NAV] шаг 37: pos=(0.31,8.03) th=132.9° → цель dist=0.29м
  [TEL] pos=(0.31,8.03) th=132.9°  F=1.74 L=1.49 R=2.97
[TURN] влево 5.6° от 133.0°
[FLUSH] Сброшено 1 старых пакетов
[TURN] Фактически повернули 1.4°, теперь th=134.4°
[FLUSH] Сброшено 1 старых пакетов
[ODOM_NAV] шаг 38: pos=(0.31,8.03) th=134.6° → цель dist=0.29м
  [TEL] pos=(0.31,8.03) th=134.6°  F=1.77 L=1.50 R=3.09
[TURN] влево 5.6° от 134.7°
[FLUSH] Сброшено 1 старых пакетов
[TURN] Фактически повернули 1.3°, теперь th=135.9°
[ODOM_NAV] шаг 39: pos=(0.31,8.03) th=136.0° → цель dist=0.29м
  [TEL] pos=(0.31,8.03) th=136.0°  F=1.80 L=1.51 R=3.19
[FLUSH] Сброшено 1 старых пакетов
[TURN] влево 5.6° от 136.1°
[FLUSH] Сброшено 1 старых пакетов
[TURN] Фактически повернули 1.2°, теперь th=137.3°
[ODOM_NAV] Достигнут лимит шагов (40)
[MAIN] Узел [6] завершён
[MAIN] Цель:   (0.06, 8.18) th=127.6°
[MAIN] Факт:   (0.31, 8.03) th=137.3°
[MAIN] Ошибка: dist=0.29м, th=9.7°

================================================================================
УЗЕЛ [7]: ВЪЕЗД В ТУННЕЛЬ (F=0.40 узко!)
Цель: (-1.61, 8.99, 87.0°)
Режим: ODOMETRY
Время: 216.2с / 999.0с
================================================================================
[ODOM_NAV] Цель: (-1.61,8.99) th=87.0°
[FLUSH] Сброшено 1 старых пакетов
[ODOM_NAV] шаг 0: pos=(0.31,8.03) th=137.4° → цель dist=2.15м
  [TEL] pos=(0.31,8.03) th=137.4°  F=1.82 L=1.51 R=3.31
[TURN] влево 5.6° от 137.5°
[FLUSH] Сброшено 1 старых пакетов
[TURN] Фактически повернули 0.6°, теперь th=138.1°
[ODOM_NAV] шаг 1: pos=(0.31,8.03) th=138.1° → цель dist=2.15м
  [TEL] pos=(0.31,8.03) th=138.1°  F=1.84 L=1.52 R=3.36
[FLUSH] Сброшено 1 старых пакетов
[TURN] влево 5.6° от 138.1°
[FLUSH] Сброшено 1 старых пакетов
[TURN] Фактически повернули 0.5°, теперь th=138.6°
[ODOM_NAV] шаг 2: pos=(0.31,8.03) th=138.6° → цель dist=2.15м
  [TEL] pos=(0.31,8.03) th=138.6°  F=1.85 L=1.52 R=3.40
[FLUSH] Сброшено 1 старых пакетов
[TURN] влево 5.6° от 138.6°
[FLUSH] Сброшено 1 старых пакетов
[TURN] Фактически повернули 0.5°, теперь th=139.1°
[ODOM_NAV] шаг 3: pos=(0.31,8.03) th=139.1° → цель dist=2.15м
  [TEL] pos=(0.31,8.03) th=139.1°  F=1.86 L=1.52 R=3.44
[FLUSH] Сброшено 1 старых пакетов
[TURN] влево 5.6° от 139.1°
[FLUSH] Сброшено 1 старых пакетов
[TURN] Фактически повернули 0.6°, теперь th=139.6°
[FLUSH] Сброшено 1 старых пакетов
[ODOM_NAV] шаг 4: pos=(0.31,8.03) th=139.7° → цель dist=2.15м
  [TEL] pos=(0.31,8.03) th=139.7°  F=1.87 L=1.53 R=3.50
[FLUSH] Сброшено 1 старых пакетов
[TURN] влево 5.6° от 139.7°
[FLUSH] Сброшено 1 старых пакетов
[TURN] Фактически повернули 0.6°, теперь th=140.3°
[FLUSH] Сброшено 1 старых пакетов
[ODOM_NAV] шаг 5: pos=(0.31,8.03) th=140.3° → цель dist=2.15м
  [TEL] pos=(0.31,8.03) th=140.3°  F=1.88 L=1.53 R=3.55
[TURN] влево 5.6° от 140.3°
[FLUSH] Сброшено 1 старых пакетов
[TURN] Фактически повернули 0.5°, теперь th=140.8°
[FLUSH] Сброшено 1 старых пакетов
[ODOM_NAV] шаг 6: pos=(0.31,8.03) th=140.8° → цель dist=2.15м
  [TEL] pos=(0.31,8.03) th=140.8°  F=1.89 L=1.53 R=3.60
[TURN] влево 5.6° от 140.8°
[FLUSH] Сброшено 1 старых пакетов
[TURN] Фактически повернули 0.6°, теперь th=141.4°
[ODOM_NAV] шаг 7: pos=(0.31,8.03) th=141.4° → цель dist=2.15м
  [TEL] pos=(0.31,8.03) th=141.4°  F=1.91 L=1.54 R=3.66
[FLUSH] Сброшено 1 старых пакетов
[TURN] влево 5.6° от 141.4°
[FLUSH] Сброшено 1 старых пакетов
[TURN] Фактически повернули 0.6°, теперь th=142.0°
[FLUSH] Сброшено 1 старых пакетов
[ODOM_NAV] шаг 8: pos=(0.31,8.03) th=142.1° → цель dist=2.15м
  [TEL] pos=(0.31,8.03) th=142.1°  F=1.92 L=1.54 R=3.72
[TURN] влево 5.6° от 142.1°
[FLUSH] Сброшено 1 старых пакетов
[TURN] Фактически повернули 0.6°, теперь th=142.6°
[FLUSH] Сброшено 1 старых пакетов
[ODOM_NAV] шаг 9: pos=(0.31,8.03) th=142.7° → цель dist=2.15м
  [TEL] pos=(0.31,8.03) th=142.7°  F=1.94 L=1.54 R=3.78
[ODOM_NAV] БЫСТРОЕ движение (dist=2.15м > 2.0м)
[MOVE_FAST] Вперёд 1.00м (v=0.50, время≈2.2с)
[FLUSH] Сброшено 2 старых пакетов
[ODOM_NAV] шаг 10: pos=(0.23,8.10) th=142.7° → цель dist=2.04м
  [TEL] pos=(0.23,8.10) th=142.7°  F=1.83 L=1.45 R=3.59
[FLUSH] Сброшено 1 старых пакетов
[TURN] влево 5.6° от 142.7°
[FLUSH] Сброшено 1 старых пакетов
[TURN] Фактически повернули 0.6°, теперь th=143.3°
[FLUSH] Сброшено 1 старых пакетов
[ODOM_NAV] шаг 11: pos=(0.19,8.13) th=143.3° → цель dist=2.00м
  [TEL] pos=(0.19,8.13) th=143.3°  F=1.79 L=1.42 R=3.59
[ODOM_NAV] Среднее движение (dist=2.00м > 1.0м)
[MOVE_FAST] Вперёд 0.50м (v=0.40, время≈1.4с)
[FLUSH] Сброшено 2 старых пакетов
[ODOM_NAV] шаг 12: pos=(0.08,8.21) th=143.3° → цель dist=1.86м
  [TEL] pos=(0.08,8.21) th=143.3°  F=1.65 L=1.32 R=3.34
[FLUSH] Сброшено 1 старых пакетов
[TURN] влево 5.6° от 143.3°
[FLUSH] Сброшено 1 старых пакетов
[TURN] Фактически повернули 0.6°, теперь th=143.9°
[FLUSH] Сброшено 1 старых пакетов
[ODOM_NAV] шаг 13: pos=(0.03,8.25) th=144.0° → цель dist=1.80м
  [TEL] pos=(0.03,8.25) th=144.0°  F=1.61 L=1.27 R=3.30
[FLUSH] Сброшено 1 старых пакетов
[TURN] влево 5.6° от 144.0°
[FLUSH] Сброшено 1 старых пакетов
[TURN] Фактически повернули 0.6°, теперь th=144.5°
[FLUSH] Сброшено 1 старых пакетов
[ODOM_NAV] шаг 14: pos=(-0.01,8.27) th=144.6° → цель dist=1.76м
  [TEL] pos=(-0.01,8.27) th=144.6°  F=1.57 L=1.24 R=3.28
[ODOM_NAV] Среднее движение (dist=1.76м > 1.0м)
[MOVE_FAST] Вперёд 0.50м (v=0.40, время≈1.4с)
[FLUSH] Сброшено 2 старых пакетов
[ODOM_NAV] шаг 15: pos=(-0.13,8.36) th=144.6° → цель dist=1.61м
  [TEL] pos=(-0.13,8.36) th=144.6°  F=1.42 L=1.12 R=3.02
[FLUSH] Сброшено 1 старых пакетов
[TURN] влево 5.6° от 144.6°
[FLUSH] Сброшено 1 старых пакетов
[TURN] Фактически повернули 0.6°, теперь th=145.2°
[FLUSH] Сброшено 1 старых пакетов
[ODOM_NAV] шаг 16: pos=(-0.18,8.40) th=145.2° → цель dist=1.55м
  [TEL] pos=(-0.18,8.40) th=145.2°  F=1.37 L=1.07 R=2.96
[FLUSH] Сброшено 1 старых пакетов
[TURN] влево 5.6° от 145.2°
[FLUSH] Сброшено 1 старых пакетов
[TURN] Фактически повернули 0.6°, теперь th=145.8°
[FLUSH] Сброшено 1 старых пакетов
[ODOM_NAV] шаг 17: pos=(-0.22,8.42) th=145.9° → цель dist=1.50м
  [TEL] pos=(-0.22,8.42) th=145.9°  F=1.33 L=1.04 R=2.93
[TURN] влево 5.6° от 145.9°
[FLUSH] Сброшено 1 старых пакетов
[TURN] Фактически повернули 0.5°, теперь th=146.3°
[FLUSH] Сброшено 1 старых пакетов
[ODOM_NAV] шаг 18: pos=(-0.25,8.45) th=146.3° → цель dist=1.46м
  [TEL] pos=(-0.25,8.45) th=146.3°  F=1.30 L=1.01 R=2.91
[TURN] влево 5.6° от 146.3°
[FLUSH] Сброшено 1 старых пакетов
[TURN] Фактически повернули 0.5°, теперь th=146.8°
[ODOM_NAV] шаг 19: pos=(-0.27,8.46) th=146.8° → цель dist=1.44м
  [TEL] pos=(-0.27,8.46) th=146.8°  F=1.29 L=0.99 R=2.91
[FLUSH] Сброшено 1 старых пакетов
[TURN] влево 5.6° от 146.8°
[FLUSH] Сброшено 1 старых пакетов
[TURN] Фактически повернули 0.6°, теперь th=147.4°
[ODOM_NAV] шаг 20: pos=(-0.28,8.46) th=147.4° → цель dist=1.43м
  [TEL] pos=(-0.28,8.46) th=147.4°  F=1.28 L=0.99 R=2.94
[ODOM_NAV] Среднее движение (dist=1.43м > 1.0м)
[MOVE_FAST] Вперёд 0.50м (v=0.40, время≈1.4с)
[FLUSH] Сброшено 2 старых пакетов
[ODOM_NAV] шаг 21: pos=(-0.34,8.50) th=147.5° → цель dist=1.37м
  [TEL] pos=(-0.34,8.50) th=147.5°  F=1.22 L=0.94 R=2.82
[TURN] влево 5.6° от 147.5°
[FLUSH] Сброшено 1 старых пакетов
[TURN] Фактически повернули 0.6°, теперь th=148.1°
[ODOM_NAV] шаг 22: pos=(-0.36,8.51) th=148.1° → цель dist=1.34м
  [TEL] pos=(-0.36,8.51) th=148.1°  F=1.20 L=0.92 R=2.83
[ODOM_NAV] Среднее движение (dist=1.34м > 1.0м)
[MOVE_FAST] Вперёд 0.50м (v=0.40, время≈1.4с)
[FLUSH] Сброшено 2 старых пакетов
[ODOM_NAV] шаг 23: pos=(-0.45,8.57) th=148.1° → цель dist=1.24м
  [TEL] pos=(-0.45,8.57) th=148.1°  F=1.10 L=0.84 R=2.64
[TURN] влево 5.6° от 148.1°
[FLUSH] Сброшено 1 старых пакетов
[TURN] Фактически повернули 0.5°, теперь th=148.6°
[ODOM_NAV] шаг 24: pos=(-0.48,8.59) th=148.6° → цель dist=1.20м
  [TEL] pos=(-0.48,8.59) th=148.6°  F=1.06 L=0.81 R=2.60
[FLUSH] Сброшено 1 старых пакетов
[TURN] влево 5.6° от 148.6°
[FLUSH] Сброшено 1 старых пакетов
[TURN] Фактически повернули 0.5°, теперь th=149.0°
[ODOM_NAV] шаг 25: pos=(-0.51,8.61) th=149.1° → цель dist=1.16м
  [TEL] pos=(-0.51,8.61) th=149.1°  F=1.04 L=0.79 R=2.58
[FLUSH] Сброшено 1 старых пакетов
[TURN] влево 5.6° от 149.1°
[FLUSH] Сброшено 1 старых пакетов
[TURN] Фактически повернули 0.6°, теперь th=149.6°
[FLUSH] Сброшено 1 старых пакетов
[ODOM_NAV] шаг 26: pos=(-0.53,8.62) th=149.7° → цель dist=1.14м
  [TEL] pos=(-0.53,8.62) th=149.7°  F=1.03 L=0.78 R=2.60
[ODOM_NAV] Среднее движение (dist=1.14м > 1.0м)
[MOVE_FAST] Вперёд 0.50м (v=0.40, время≈1.4с)
[FLUSH] Сброшено 2 старых пакетов
[ODOM_NAV] шаг 27: pos=(-0.60,8.66) th=149.7° → цель dist=1.07м
  [TEL] pos=(-0.60,8.66) th=149.7°  F=0.95 L=0.72 R=2.45
[FLUSH] Сброшено 1 старых пакетов
[TURN] влево 5.6° от 149.7°
[FLUSH] Сброшено 1 старых пакетов
[TURN] Фактически повернули 0.5°, теперь th=150.2°
[ODOM_NAV] шаг 28: pos=(-0.62,8.67) th=150.2° → цель dist=1.03м
  [TEL] pos=(-0.62,8.67) th=150.2°  F=0.92 L=0.70 R=2.42
[FLUSH] Сброшено 1 старых пакетов
[TURN] влево 5.6° от 150.2°
[FLUSH] Сброшено 1 старых пакетов
[TURN] Фактически повернули 0.5°, теперь th=150.6°
[ODOM_NAV] шаг 29: pos=(-0.64,8.69) th=150.6° → цель dist=1.01м
  [TEL] pos=(-0.64,8.69) th=150.6°  F=0.90 L=0.68 R=2.42
[FLUSH] Сброшено 1 старых пакетов
[TURN] влево 5.6° от 150.6°
[FLUSH] Сброшено 1 старых пакетов
[TURN] Фактически повернули 0.5°, теперь th=151.1°
[FLUSH] Сброшено 1 старых пакетов
[ODOM_NAV] шаг 30: pos=(-0.65,8.69) th=151.1° → цель dist=1.00м
  [TEL] pos=(-0.65,8.69) th=151.1°  F=0.91 L=0.67 R=2.44
[FLUSH] Сброшено 1 старых пакетов
[TURN] влево 5.6° от 151.1°
[FLUSH] Сброшено 1 старых пакетов
[TURN] Фактически повернули 0.6°, теперь th=151.7°
[FLUSH] Сброшено 1 старых пакетов
[ODOM_NAV] шаг 31: pos=(-0.65,8.69) th=151.8° → цель dist=1.00м
  [TEL] pos=(-0.65,8.69) th=151.8°  F=0.91 L=0.67 R=2.50
[ODOM_NAV] Среднее движение (dist=1.00м > 1.0м)
[MOVE_FAST] Вперёд 0.50м (v=0.40, время≈1.4с)
[FLUSH] Сброшено 2 старых пакетов
[ODOM_NAV] шаг 32: pos=(-0.69,8.71) th=151.8° → цель dist=0.96м
  [TEL] pos=(-0.69,8.71) th=151.8°  F=0.86 L=0.65 R=2.41
[ODOM_NAV] Медленное движение (dist=0.96м > 0.15м)
[MOVE_PRECISE] Вперёд 0.20м от (-0.69,8.71)
[FLUSH] Сброшено 2 старых пакетов
[MOVE_PRECISE] Фактически проехали 0.25м
[FLUSH] Сброшено 1 старых пакетов
[ODOM_NAV] шаг 33: pos=(-0.92,8.83) th=151.8° → цель dist=0.71м
  [TEL] pos=(-0.92,8.83) th=151.8°  F=0.61 L=0.45 R=1.90
[TURN] влево 5.6° от 151.8°
[FLUSH] Сброшено 1 старых пакетов
[TURN] Фактически повернули 0.5°, теперь th=152.2°
[FLUSH] Сброшено 1 старых пакетов
[ODOM_NAV] шаг 34: pos=(-0.93,8.84) th=152.2° → цель dist=0.70м
  [TEL] pos=(-0.93,8.84) th=152.2°  F=0.60 L=0.44 R=1.92
[TURN] влево 5.6° от 152.2°
[FLUSH] Сброшено 1 старых пакетов
[TURN] Фактически повернули 0.5°, теперь th=152.7°
[ODOM_NAV] шаг 35: pos=(-0.93,8.84) th=152.7° → цель dist=0.70м
  [TEL] pos=(-0.93,8.84) th=152.7°  F=0.60 L=0.45 R=1.95
[FLUSH] Сброшено 1 старых пакетов
[TURN] влево 5.6° от 152.7°
[FLUSH] Сброшено 1 старых пакетов
[TURN] Фактически повернули 0.6°, теперь th=153.3°
[ODOM_NAV] шаг 36: pos=(-0.93,8.84) th=153.4° → цель dist=0.70м
  [TEL] pos=(-0.93,8.84) th=153.4°  F=0.60 L=0.45 R=2.00
[FLUSH] Сброшено 1 старых пакетов
[TURN] влево 5.6° от 153.4°
[FLUSH] Сброшено 1 старых пакетов
[TURN] Фактически повернули 0.6°, теперь th=153.9°
[FLUSH] Сброшено 1 старых пакетов
[ODOM_NAV] шаг 37: pos=(-0.93,8.84) th=154.0° → цель dist=0.70м
  [TEL] pos=(-0.93,8.84) th=154.0°  F=0.60 L=0.45 R=2.05
[TURN] влево 5.6° от 154.0°
[FLUSH] Сброшено 1 старых пакетов
[TURN] Фактически повернули 0.6°, теперь th=154.6°
[FLUSH] Сброшено 1 старых пакетов
[ODOM_NAV] шаг 38: pos=(-0.93,8.84) th=154.6° → цель dist=0.70м
  [TEL] pos=(-0.93,8.84) th=154.6°  F=0.61 L=0.45 R=2.11
[TURN] влево 5.6° от 154.6°
[FLUSH] Сброшено 1 старых пакетов
[TURN] Фактически повернули 0.5°, теперь th=155.1°
[FLUSH] Сброшено 1 старых пакетов
[ODOM_NAV] шаг 39: pos=(-0.93,8.84) th=155.1° → цель dist=0.70м
  [TEL] pos=(-0.93,8.84) th=155.1°  F=0.61 L=0.46 R=2.16
[TURN] влево 5.6° от 155.1°
[FLUSH] Сброшено 1 старых пакетов
[TURN] Фактически повернули 0.5°, теперь th=155.6°
[ODOM_NAV] Достигнут лимит шагов (40)
[MAIN] Узел [7] завершён
[MAIN] Цель:   (-1.61, 8.99) th=87.0°
[MAIN] Факт:   (-0.93, 8.84) th=155.6°
[MAIN] Ошибка: dist=0.70м, th=68.6°

================================================================================
УЗЕЛ [8]: Коридор комнаты 2 (LIDAR восстановился: F=1.21 L=1.19 R=1.46)
Цель: (-0.95, 16.05, 83.9°)
Режим: LIDAR
Время: 250.9с / 999.0с
================================================================================
[LIDAR_NAV] РЕЖИМ LIDAR - игнорируем координаты!
[LIDAR_NAV] Цель: (-0.95,16.05) th=83.9°
[LIDAR_NAV] L=СПРАВА, R=СЛЕВА (названия перепутаны!)
[FLUSH] Сброшено 1 старых пакетов
[LIDAR_NAV] шаг 0: pos=(-0.93,8.84) F=0.61 R=2.20 L=0.45
[LIDAR_NAV] Коррекция: R=2.20 > L=0.45, поворот вправо
[FLUSH] Сброшено 1 старых пакетов
[TURN] вправо 2.8° от 155.6°
[FLUSH] Сброшено 1 старых пакетов
[TURN] Фактически повернули -0.2°, теперь th=155.3°
[LIDAR_NAV] Движение вперёд 0.10м
[MOVE_PRECISE] Вперёд 0.10м от (-0.93,8.84)
[MOVE_PRECISE] Достигнуто 0.10м
[FLUSH] Сброшено 2 старых пакетов
[MOVE_PRECISE] Фактически проехали 0.16м
[FLUSH] Сброшено 1 старых пакетов
[LIDAR_NAV] шаг 1: pos=(-1.08,8.91) F=0.44 R=1.82 L=0.33
[LIDAR_NAV] Коррекция: R=1.82 > L=0.33, поворот вправо
[FLUSH] Сброшено 1 старых пакетов
[TURN] вправо 2.8° от 155.3°
[FLUSH] Сброшено 1 старых пакетов
[TURN] Фактически повернули -0.2°, теперь th=155.1°
[LIDAR_NAV] Движение вперёд 0.10м
[MOVE_PRECISE] Вперёд 0.10м от (-1.09,8.91)
[MOVE_PRECISE] ПРЕПЯТСТВИЕ! F=0.40м
[FLUSH] Сброшено 1 старых пакетов
[MOVE_PRECISE] Фактически проехали 0.06м
[FLUSH] Сброшено 1 старых пакетов
[LIDAR_NAV] шаг 2: pos=(-1.15,8.94) F=0.37 R=1.63 L=0.28
[LIDAR_NAV] Коррекция: R=1.63 > L=0.28, поворот вправо
[TURN] вправо 2.8° от 155.1°
[FLUSH] Сброшено 1 старых пакетов
[TURN] Фактически повернули -0.2°, теперь th=154.8°
[LIDAR_NAV] Движение вперёд 0.10м
[MOVE_PRECISE] Вперёд 0.10м от (-1.16,8.94)
[MOVE_PRECISE] ПРЕПЯТСТВИЕ! F=0.36м
[FLUSH] Сброшено 1 старых пакетов
[MOVE_PRECISE] Фактически проехали 0.00м
[FLUSH] Сброшено 1 старых пакетов
[LIDAR_NAV] шаг 3: pos=(-1.16,8.95) F=0.35 R=1.58 L=0.27
[LIDAR_NAV] Коррекция: R=1.58 > L=0.27, поворот вправо
[TURN] вправо 2.8° от 154.8°
[FLUSH] Сброшено 1 старых пакетов
[TURN] Фактически повернули -0.2°, теперь th=154.6°
[LIDAR_NAV] Движение вперёд 0.10м
[MOVE_PRECISE] Вперёд 0.10м от (-1.16,8.95)
[MOVE_PRECISE] ПРЕПЯТСТВИЕ! F=0.35м
[FLUSH] Сброшено 1 старых пакетов
[MOVE_PRECISE] Фактически проехали 0.00м
[LIDAR_NAV] шаг 4: pos=(-1.16,8.95) F=0.35 R=1.57 L=0.27
[LIDAR_NAV] Препятствие впереди F=0.35м, СТОП
[LIDAR_NAV] Завершено за 9.0с, шагов: 4
[FLUSH] Сброшено 1 старых пакетов
[MAIN] Узел [8] завершён
[MAIN] Цель:   (-0.95, 16.05) th=83.9°
[MAIN] Факт:   (-1.16, 8.95) th=154.6°
[MAIN] Ошибка: dist=7.11м, th=70.7°

================================================================================
УЗЕЛ [9]: Угол (F=0.62)
Цель: (-5.22, 16.37, 175.7°)
Режим: LIDAR
Время: 260.0с / 999.0с
================================================================================
[LIDAR_NAV] РЕЖИМ LIDAR - игнорируем координаты!
[LIDAR_NAV] Цель: (-5.22,16.37) th=175.7°
[LIDAR_NAV] L=СПРАВА, R=СЛЕВА (названия перепутаны!)
[LIDAR_NAV] шаг 0: pos=(-1.16,8.95) F=0.35 R=1.57 L=0.27
[LIDAR_NAV] Препятствие впереди F=0.35м, СТОП
[LIDAR_NAV] Завершено за 0.1с, шагов: 0
[FLUSH] Сброшено 1 старых пакетов
[MAIN] Узел [9] завершён
[MAIN] Цель:   (-5.22, 16.37) th=175.7°
[MAIN] Факт:   (-1.16, 8.95) th=154.6°
[MAIN] Ошибка: dist=8.46м, th=21.1°

================================================================================
УЗЕЛ [10]: К финишу (F=5.13 свободно)
Цель: (-4.82, 20.16, 83.9°)
Режим: LIDAR
Время: 260.1с / 999.0с
================================================================================
[LIDAR_NAV] РЕЖИМ LIDAR - игнорируем координаты!
[LIDAR_NAV] Цель: (-4.82,20.16) th=83.9°
[LIDAR_NAV] L=СПРАВА, R=СЛЕВА (названия перепутаны!)
[LIDAR_NAV] шаг 0: pos=(-1.16,8.95) F=0.35 R=1.56 L=0.27
[LIDAR_NAV] Коррекция: R=1.56 > L=0.27, поворот вправо
[FLUSH] Сброшено 1 старых пакетов
[TURN] вправо 2.8° от 154.6°
[FLUSH] Сброшено 1 старых пакетов
[TURN] Фактически повернули -0.3°, теперь th=154.3°
[LIDAR_NAV] Движение вперёд 0.10м
[FLUSH] Сброшено 1 старых пакетов
[MOVE_PRECISE] Вперёд 0.10м от (-1.16,8.95)
[MOVE_PRECISE] ПРЕПЯТСТВИЕ! F=0.35м
[FLUSH] Сброшено 1 старых пакетов
[MOVE_PRECISE] Фактически проехали 0.00м
[LIDAR_NAV] шаг 1: pos=(-1.16,8.95) F=0.35 R=1.54 L=0.26
[LIDAR_NAV] Коррекция: R=1.54 > L=0.26, поворот вправо
[FLUSH] Сброшено 1 старых пакетов
[TURN] вправо 2.8° от 154.2°
[FLUSH] Сброшено 1 старых пакетов
[TURN] Фактически повернули -0.2°, теперь th=154.0°
[LIDAR_NAV] Движение вперёд 0.10м
[FLUSH] Сброшено 1 старых пакетов
[MOVE_PRECISE] Вперёд 0.10м от (-1.16,8.95)
[MOVE_PRECISE] ПРЕПЯТСТВИЕ! F=0.35м
[FLUSH] Сброшено 1 старых пакетов
[MOVE_PRECISE] Фактически проехали 0.00м
[FLUSH] Сброшено 1 старых пакетов
[LIDAR_NAV] шаг 2: pos=(-1.16,8.95) F=0.35 R=1.53 L=0.27
[LIDAR_NAV] Препятствие впереди F=0.35м, СТОП
[LIDAR_NAV] Завершено за 1.5с, шагов: 2
[MAIN] Узел [10] завершён
[MAIN] Цель:   (-4.82, 20.16) th=83.9°
[MAIN] Факт:   (-1.16, 8.95) th=154.0°
[MAIN] Ошибка: dist=11.80м, th=70.1°

================================================================================
УЗЕЛ [11]: ФИНИШ (F=6.24 L=3.34 R=6.77)
Цель: (-1.91, 19.78, -7.3°)
Режим: LIDAR
Время: 261.6с / 999.0с
================================================================================
[LIDAR_NAV] РЕЖИМ LIDAR - игнорируем координаты!
[LIDAR_NAV] Цель: (-1.91,19.78) th=-7.3°
[LIDAR_NAV] L=СПРАВА, R=СЛЕВА (названия перепутаны!)
[FLUSH] Сброшено 1 старых пакетов
[LIDAR_NAV] шаг 0: pos=(-1.16,8.95) F=0.35 R=1.53 L=0.27
[LIDAR_NAV] Препятствие впереди F=0.35м, СТОП
[LIDAR_NAV] Завершено за 0.1с, шагов: 0
[MAIN] Узел [11] завершён
[MAIN] Цель:   (-1.91, 19.78) th=-7.3°
[MAIN] Факт:   (-1.16, 8.95) th=154.0°
[MAIN] Ошибка: dist=10.86м, th=161.3°

================================================================================
ЗАВЕРШЕНО! Время: 261.7с
================================================================================
