STEP NAVIGATOR - Пошаговая навигация
================================================================================
Маршрут: 13 узлов
Лимит: 200 секунд
================================================================================

[TIME] 0.0с / 200с (осталось 200с)

================================================================================
УЗЕЛ [0]: START - в кармане
Цель: (0.00, 0.00, 0.0°)
================================================================================
→ Следующий [1]: Выехали из кармана задним ходом
[REVERSE] Выезд задним ходом по шагам
[BACK 1/7] Шаг назад 0.5м
[BACK 2/7] Шаг назад 0.5м
[BACK 3/7] Шаг назад 0.5м
[BACK 4/7] Шаг назад 0.5м
[BACK 5/7] Шаг назад 0.5м
[BACK 6/7] Шаг назад 0.5м
[BACK 7/7] Шаг назад 0.5м

[TIME] 36.3с / 200с (осталось 164с)

================================================================================
УЗЕЛ [1]: Выехали из кармана задним ходом
Цель: (-3.35, 0.00, 0.0°)
================================================================================
→ Следующий [2]: Перед утками, поворот на восток
[STEP 0] pos=(-2.87,0.00,-0.0°) → цель (1.05,5.00) dist=6.35м
[TURN] Ошибка +51.9° → поворот +22.5°
[STEP 1] pos=(-2.90,-0.00,22.0°) → цель (1.05,5.00) dist=6.37м
[TURN] Ошибка +29.7° → поворот +11.2°
[STEP 2] pos=(-2.90,-0.00,32.9°) → цель (1.05,5.00) dist=6.37м
[TURN] Ошибка +18.8° → поворот +11.2°
[STEP 3] pos=(-2.90,-0.00,43.8°) → цель (1.05,5.00) dist=6.37м
[MOVE] Шаг вперёд 1.00м
[MOVE] Проехали 0.42м
[STEP 4] pos=(-2.59,0.32,45.6°) → цель (1.05,5.00) dist=5.93м
[MOVE] Шаг вперёд 1.00м
[MOVE] Проехали 0.62м
[STEP 5] pos=(-2.14,0.77,45.6°) → цель (1.05,5.00) dist=5.30м
[MOVE] Шаг вперёд 1.00м
[MOVE] Проехали 0.62м
[STEP 6] pos=(-1.69,1.23,45.6°) → цель (1.05,5.00) dist=4.66м
[MOVE] Шаг вперёд 1.00м
[MOVE] Проехали 0.62м
[STEP 7] pos=(-1.25,1.68,45.6°) → цель (1.05,5.00) dist=4.03м
[MOVE] Шаг вперёд 1.00м
[MOVE] Проехали 0.62м
[STEP 8] pos=(-0.80,2.14,45.6°) → цель (1.05,5.00) dist=3.41м
[TURN] Ошибка +11.5° → поворот +5.6°
[STEP 9] pos=(-0.72,2.22,50.8°) → цель (1.05,5.00) dist=3.29м
[MOVE] Шаг вперёд 1.00м
[MOVE] Проехали 0.57м
[STEP 10] pos=(-0.36,2.70,52.5°) → цель (1.05,5.00) dist=2.70м
[MOVE] Шаг вперёд 1.00м
[MOVE] Проехали 0.62м
[STEP 11] pos=(0.03,3.20,52.5°) → цель (1.05,5.00) dist=2.07м
[MOVE] Шаг вперёд 1.00м
[MOVE] Проехали 0.62м
[STEP 12] pos=(0.41,3.71,52.5°) → цель (1.05,5.00) dist=1.44м
[MOVE] Шаг вперёд 0.50м
[MOVE] Проехали 0.46м
[STEP 13] pos=(0.70,4.09,52.5°) → цель (1.05,5.00) dist=0.98м
[TURN] Ошибка +16.7° → поворот +5.6°
[STEP 14] pos=(0.73,4.12,57.7°) → цель (1.05,5.00) dist=0.94м
[TURN] Ошибка +12.1° → поворот +5.6°
[STEP 15] pos=(0.72,4.12,63.0°) → цель (1.05,5.00) dist=0.94м
[MOVE] Шаг вперёд 0.20м
[MOVE] Проехали 0.19м
[STEP 16] pos=(0.81,4.30,64.8°) → цель (1.05,5.00) dist=0.74м
[MOVE] Шаг вперёд 0.20м
[MOVE] Проехали 0.19м
[STEP 17] pos=(0.90,4.48,64.8°) → цель (1.05,5.00) dist=0.54м
[MOVE] Шаг вперёд 0.20м
[MOVE] Проехали 0.19м
[STEP 18] pos=(0.98,4.66,64.8°) → цель (1.05,5.00) dist=0.34м
[TURN] Ошибка +13.9° → поворот +5.6°
[STEP 19] pos=(1.00,4.70,69.9°) → цель (1.05,5.00) dist=0.31м
[MOVE] Шаг вперёд 0.20м
[MOVE] Проехали 0.19м
[STEP 20] pos=(1.06,4.89,71.7°) → цель (1.05,5.00) dist=0.11м
[OK] Достигли узла! Финальный доворот...
[TURN] Финальный доворот -23.0°
[OK] Узел 2 достигнут

[TIME] 110.8с / 200с (осталось 89с)

================================================================================
УЗЕЛ [2]: Перед утками, поворот на восток
Цель: (1.05, 5.00, 48.7°)
================================================================================
→ Следующий [3]: После уток, целимся в коридор
[STEP 0] pos=(1.07,4.93,60.1°) → цель (0.80,6.95) dist=2.04м
[TURN] Ошибка +37.6° → поворот +22.5°
[STEP 1] pos=(1.08,4.93,82.0°) → цель (0.80,6.95) dist=2.04м
[TURN] Ошибка +15.8° → поворот +5.6°
[STEP 2] pos=(1.08,4.93,87.3°) → цель (0.80,6.95) dist=2.04м
[MOVE] Шаг вперёд 1.00м
[MOVE] Проехали 0.42м
[STEP 3] pos=(1.08,5.37,89.0°) → цель (0.80,6.95) dist=1.61м
[MOVE] Шаг вперёд 0.50м
[MOVE] Проехали 0.46м
[STEP 4] pos=(1.09,5.84,89.0°) → цель (0.80,6.95) dist=1.14м
[TURN] Ошибка +15.7° → поворот +5.6°
[STEP 5] pos=(1.09,5.88,94.2°) → цель (0.80,6.95) dist=1.11м
[MOVE] Шаг вперёд 0.50м
[MOVE] Проехали 0.37м
[STEP 6] pos=(1.05,6.26,96.0°) → цель (0.80,6.95) dist=0.74м
[TURN] Ошибка +14.0° → поворот +5.6°
[STEP 7] pos=(1.05,6.30,101.1°) → цель (0.80,6.95) dist=0.70м
[MOVE] Шаг вперёд 0.20м
[MOVE] Проехали 0.19м
[STEP 8] pos=(1.00,6.50,102.9°) → цель (0.80,6.95) dist=0.50м
[MOVE] Шаг вперёд 0.20м
[MOVE] Проехали 0.19м
[STEP 9] pos=(0.96,6.69,102.9°) → цель (0.80,6.95) dist=0.30м
[TURN] Ошибка +18.4° → поворот +11.2°
[STEP 10] pos=(0.95,6.73,113.5°) → цель (0.80,6.95) dist=0.26м
[MOVE] Шаг вперёд 0.10м
[MOVE] Проехали 0.10м
[STEP 11] pos=(0.90,6.83,115.3°) → цель (0.80,6.95) dist=0.16м
[TURN] Ошибка +14.1° → поворот +5.6°
[STEP 12] pos=(0.88,6.86,120.4°) → цель (0.80,6.95) dist=0.12м
[TURN] Ошибка +13.0° → поворот +5.6°
[STEP 13] pos=(0.88,6.86,125.7°) → цель (0.80,6.95) dist=0.12м
[MOVE] Шаг вперёд 0.10м
[MOVE] Проехали 0.10м
[STEP 14] pos=(0.82,6.95,127.5°) → цель (0.80,6.95) dist=0.02м
[OK] Достигли узла! Финальный доворот...
[TURN] Финальный доворот -30.1°
[OK] Узел 3 достигнут

[TIME] 151.5с / 200с (осталось 48с)

================================================================================
УЗЕЛ [3]: После уток, целимся в коридор
Цель: (0.80, 6.95, 97.4°)
================================================================================
→ Следующий [4]: Заезд в коридор под углом 45°
[STEP 0] pos=(0.80,6.98,115.9°) → цель (-1.64,9.20) dist=3.30м
[TURN] Ошибка +21.7° → поворот +11.2°
[STEP 1] pos=(0.80,6.98,126.4°) → цель (-1.64,9.20) dist=3.30м
[MOVE] Шаг вперёд 1.00м
[MOVE] Проехали 0.43м
[STEP 2] pos=(0.52,7.33,128.2°) → цель (-1.64,9.20) dist=2.86м
[MOVE] Шаг вперёд 1.00м
[MOVE] Проехали 0.62м
[STEP 3] pos=(0.12,7.83,128.2°) → цель (-1.64,9.20) dist=2.23м
[TURN] Ошибка +14.0° → поворот +5.6°
[STEP 4] pos=(0.05,7.92,133.4°) → цель (-1.64,9.20) dist=2.12м
[MOVE] Шаг вперёд 1.00м
[MOVE] Проехали 0.57м
[STEP 5] pos=(-0.37,8.34,135.1°) → цель (-1.64,9.20) dist=1.54м
[MOVE] Шаг вперёд 0.50м
[MOVE] Проехали 0.46м
[STEP 6] pos=(-0.71,8.67,135.1°) → цель (-1.64,9.20) dist=1.07м
[TURN] Ошибка +15.4° → поворот +5.6°
[STEP 7] pos=(-0.73,8.70,140.3°) → цель (-1.64,9.20) dist=1.04м
[MOVE] Шаг вперёд 0.50м
[MOVE] Проехали 0.37м
[STEP 8] pos=(-1.03,8.93,142.1°) → цель (-1.64,9.20) dist=0.66м
[TURN] Ошибка +14.1° → поворот +5.6°
[STEP 9] pos=(-1.06,8.96,147.2°) → цель (-1.64,9.20) dist=0.62м
[MOVE] Шаг вперёд 0.20м
[MOVE] Проехали 0.19м
[STEP 10] pos=(-1.24,9.06,149.0°) → цель (-1.64,9.20) dist=0.43м
[TURN] Ошибка +11.8° → поворот +5.6°
[STEP 11] pos=(-1.27,9.08,154.2°) → цель (-1.64,9.20) dist=0.39м
[MOVE] Шаг вперёд 0.20м
[MOVE] Проехали 0.19м
[STEP 12] pos=(-1.45,9.16,155.9°) → цель (-1.64,9.20) dist=0.19м
[TURN] Ошибка +12.1° → поворот +5.6°
[STEP 13] pos=(-1.49,9.18,161.1°) → цель (-1.64,9.20) dist=0.15м
[MOVE] Шаг вперёд 0.10м
[MOVE] Проехали 0.10м
[STEP 14] pos=(-1.59,9.21,162.9°) → цель (-1.64,9.20) dist=0.05м
[OK] Достигли узла! Финальный доворот...
[TURN] Финальный доворот -16.8°
[OK] Узел 4 достигнут

[TIME] 198.7с / 200с (осталось 1с)

================================================================================
УЗЕЛ [4]: Заезд в коридор под углом 45°
Цель: (-1.64, 9.20, 146.1°)
================================================================================
→ Следующий [5]: Выровнялись в коридоре
[STEP 0] pos=(-1.63,9.22,151.3°) → цель (-2.43,9.73) dist=0.95м
[MOVE] Шаг вперёд 0.20м